Dd, Dd, Dd, Dd, Dd, Dd, Dd, Dd, Dd, Dd, Dd, Dd, Dd, Dd, Dd, Dd, Dd
Dd, Dd, Cd, Dd, Cd, Dd, Dd^Vda, Dd, Dd^Ftd, Dd, Dd^Ftd, Dd, Dd^Vdt, Dd, Dd, Hd, Dd
Dd, Dd, Cd, 1 Kd, Cd, Dd, Dd^Vda, Dd, Hd, Dd^Ftd, Hd, Hd, Dd^Ftd, Dd^Ftd, Dd^Vdt, Dd, Dd
Dd, Dd^Ftd, Dd^Ftd, Dd^Ftd, Dd, Dd, Dd^Ftd, Dd, Hd, Dd, Dd^Ftd, Hd, Dd^Ftd, Hd, Dd, Hd, Wwt
Dd, Dd, Dd^Ftd, Dd^Vda, Dd, Dd^Ftd, Wwf, Hd, Wwt, Wwf, Wwt, Wwf, Wwf, Wwf, Wwt, Wwt, Wwf
Dd, Hd, Hd, Hd, Wwf, Wwf, Wwf, Wwt, Re^Vct, Re^Dr, Re, Wwt, Wwt, Wwt, Dd^Ftd, Wwf, Dd
Dd, Dd, Wwf, Dd^Ftd, Wwt, Wwt, Wwt, Re, Re^Dr, Re^Vct, Wwt, Wwf, Wwf, Wwf, Hd, Hd, Hd
Wwf, Wwf, Wwt, Wwt, Wwf, Wwf, Wwf, Wwt, Wwf, Wwt, Hd, Wwf, Dd^Ftd, Dd, Dd^Vda, Dd^Ftd, Dd
Wwt, Wwt, Hd, Dd, Hd, Dd^Ftd, Hd, Dd^Ftd, Dd, Hd, Dd, Dd^Ftd, Dd, Dd, Dd^Ftd, Dd^Ftd, Dd^Ftd
Dd, Dd, Dd, Dd^Vdt, Dd^Ftd, Dd^Ftd, Hd, Hd, Dd^Ftd, Hd, Dd, Dd^Vda, Dd, Cd, 2 Kd, Cd, Dd
Dd, Dd, Hd, Dd, Dd, Dd^Vdt, Dd, Dd^Ftd, Dd, Dd^Ftd, Dd, Dd^Vda, Dd, Cd, Dd, Cd, Dd
Dd, Dd, Dd, Dd, Dd, Dd, Dd, Dd, Dd, Dd, Dd, Dd, Dd, Dd, Dd, Dd, Dd
