Aa, Aa, Aa, Aa, Aa, Aa, Re, Aa, Aa, Aa, Re, Aa, Aa, Aa, Aa, Aa, Aa, Qxua, Qxua, Qxua, Qxua, Qxua, Qxua, Qxua, Qxua, Qxua, Qxua, Qxua, Qxua, Qxua, Qxua
Aa, Aa, Aa^Fpa, Aa^Fpa, Aa^Fpa, Re^Esa, Re^Vct, Re^Es, Re, Re^Esa, Re^Vct, Re^Esa, Re^Esa, Aa, Re^Esa, Re, Re^Es, Qxua, Qxua, Qxua, Qxua, Qxua, Qxua, Qxua, Qxua, Qxua, Qxua, Qxua, Qxua, Qxua, Qxua
Aa, Aa, Re^Esa, Re, Re^Es, Re^Esa, Cea, Cea, 1 Kea, Cea, Cea, Re^Es, Re, Re^Es, Re^Vct, Re^Es, Re^Esa, Aa, Qxua, Qxua, Qxua, Qxua, Qxua, Qxua, Aa^Fpa, Qxua, Qxua, Qxua, Aa, Qxua, Qxua
Aa, Aa, Re, Re^Vct, Cea, Rra, Re^Es, Cea, Rra, Cea, Re^Esa, Rra, Rra, Cea, Cea, Cea, Rra, Rra, Rra, Qxua, Qxua, Qxua, Qxua, Qxua, Aa, Ha, Qxua, Qxua, Qxua, Qxua, Qxua
Aa, Re^Esa, Cea, Cea, Re^Es, Re^Esa, Aa, Re^Esa, Rra, Re, Aa, Re^Esa, Re, Re, Re^Esa, Re, Aa, Aa, Qxua, Qxu^Bh\, Rra, Qxua, Rra, Qxua, Qxua, Qxua, Qxua, Qxua, Qxua, Qxua, Qxua
Aa, Re, Re, Re^Esa, Aa, Aa, Re^Esa, Aa, Aa, Rra, Rra, Rra, Rra, Aa, Aa, Aa, Aa, Qxua, Qxua, Qxua, Ha, Ha, Aa^Vca, Ha, Qxua, Qxua, Qxua, Qxua, Qxua, Qxua, Qxua
Aa, Aa, Aa^Fpa, Aa, Aa^Fpa, Re^Esa, Aa, Re^Esa, Re^Esa, Ha, Ha, Ha, Ha, Rra, Ha, Re^Esa, Re^Esa, Qxua, Qxua, Qxua, Aa, Rra, Rra, Rra, Qxua, Qxua, Qxua, Aa^Esa, Qxua, Qxua, Qxua
Aa, Aa^Fpa, Ha, Aa^Fpa, Aa^Fpa, Re^Esa, Aa^Esa, Re^Esa, Ha, Re^Esa, Ha, Ha, Ha, Rra, Aa, Ha, Re^Esa, Aa, Qxua, Qxua, Rra, Ha, Ha, Ha, Aa^Esa, Qxua, Qxua, Qxua, Qxua, Qxua, Qxua
Ms, Ha, Ms, Ha^Esa, Ha^Esa, Aa^Esa, Ha^Esa, Aa^Esa, Aa, Aa, Aa^Esa, Ha, Aa, Rra, Rra, Aa, Aa, Aa, Qxu^Bh/, Qxu^Bh/, Qxu^Bh/, Aa, Qxua, Aa, Qxua, Qxua, Qxua, Qxua, Qxua, Qxua, Qxua
Ms, Ms, Ms, Ms, Ms, Ha^Vhha, Ha^Esa, Ha, Ha^Esa, Aa, Ha, Aa, Aa, Aa^Esa, Aa, Rra, Rra, Rra, Rra, Qxu^Bh/, Qxua, Qxua, Qxua, Qxua, Qxua, Qxua, Ha, Qxua, Qxua, Qxua, Qxua
Ms, Ms, Ms, Ms, Ms, Ms, Ha^Esa, Ha, Ha, Ha^Esa, Ha^Esa, Ha, Ha^Esa, Re^Esa, Aa, Aa^Vca, Rra, Re^Esa, Aa, Aa, Qxua, Qxua, Qxua, Qxua, Qxua, Aa^Fpa, Aa, Qxua, Aa, Qxua, Qxua
Ms, Ms, Ms, Ms, Ha^Esa, Ha^Vhha, Ha^Esa, Ha, Ha^Esa, Ha, Ha, Ha, Aa, Re^Esa, Aa, Aa^Esa, Rra, Re^Esa, Rra, Qxua, Qxua, Qxua, Qxua, Qxua, Qxua, Qxua, Qxua, Qxua, Qxua, Qxua, Qxua
Ms, Ms, Ms, Ms, Ha^Esa, Ha^Esa, Ha, Ha, Aa, Ha, Aa^Esa, Aa, Aa, Aa^Esa, Rra, Rra, Aa, Rra, Qxu^Bh\, Qxu^Bh\, Qxu^Bh\, Qxua, Ha, Qxua, Qxua, Qxua, Qxua, Qxua, Qxua, Qxua, Qxua
Ha, Ha, Ha, Ha^Esa, Aa^Fpa, Ha, Aa^Esa, Aa^Esa, Aa, Aa, Re^Esa, Ha, Ha, Rra, Ha, Ha, Re^Esa, Re^Esa, Qxua, Qxu^Bh\, Rra, Aa, Ha, Aa^Esa, Qxua, Qxua, Ha, Qxua, Aa, Qxua, Qxua
Aa, Aa^Fpa, Aa^Fpa, Aa^Fpa, Aa^Fpa, Aa, Re^Esa, Re^Esa, Re^Esa, Re^Esa, Rra, Ha, Rra, Rra, Aa, Ha, Aa, Qxua, Qxua, Qxua, Aa, Ha, Rra, Rra, Rra, Qxua, Qxua, Aa^Fpa, Qxua, Qxua, Qxua
Aa, Aa, Re, Re^Esa, Re^Es, Aa, Aa^Esa, Ha, Ha, Rra, Aa, Rra, Aa, Aa, Re^Es, Re, Re^Esa, Qxua, Qxua, Qxua, Rra, Ha, Rra, Aa^Vca, Rra, Rra, Qxua, Qxua, Qxua, Qxua, Qxua
Aa, Aa^Esa, Re^Esa, Cea, Cea, Re^Esa, Rra, Re, Re^Esa, Rra, Re^Esa, Re, Rra, Re^Es, Cea, Cea, Rra, Aa, Rra, Qxu^Bh/, Qxua, Ha, Ha, Rra, Ha, Rra, Qxua, Qxua, Qxua, Aa, Qxua
Aa, Re^Esa, Re^Es, Re^Es, Re^Vct, Cea, Re, Cea, 2 Kea, Cea, Cea, Cea, Re^Es, Cea, Re^Vct, Re^Esa, Aa^Fpa, Rra, Aa, Qxua, Qxua, Qxua, Qxua, Ha, Aa, Qxua, Qxua, Aa^Esa, Qxua, Qxua, Qxua
Aa, Re, Re^Esa, Re, Re^Esa, Re^Esa, Re, Cea, Re^Vct, Cea, Re^Esa, Re^Vct, Re, Re^Esa, Re, Aa^Fpa, Aa^Fpa, Aa^Fpa, Aa, Qxua, Qxua, Qxua, Qxua, Qxua, Qxua, Qxua, Qxua, Aa, Qxua, Qxua, Qxua
Aa, Aa, Aa, Aa, Aa, Aa, Aa, Re, Re, Re, Aa, Re, Aa, Aa, Aa, Aa, Aa, Aa, Aa, Aa, Aa, Qxua, Qxua, Qxua, Qxua, Qxua, Qxua, Qxua, Qxua, Qxua, Qxua
