Gg, Gg, Gg, Gg, Rr, Gg, Rr, Gg, Gg, Gg, Gg, Gg, Gg, Gg, Gg, Gg, Qxu, Qxu, Qxu, Qxu, Qxu, Qxu, Qxu, Qxu, Qxu, Qxu, Qxu, Qxu, Qxu, Qxu, Qxu, Qxu
Gg, Gg, Rr, Rr, Ch, Rr, Rr, Rr, Ce, Gs^Vh, Gg, Gs^Fds, Gs^Fds, Gs^Fds, Gs^Fds, Gg, Qxu^Bh\, Qxu, Hhd, Md, Gd^Fetd, Qxu, Qxu, Qxu, Qxu, Qxu, Qxu, Qxu, Gd^Fetd, Qxu, Md, Qxu
Gg, Rr, Ch, 1 Kh, Ch, Ch, Rr, Rr, Ce, Gs^Vh, Wwf, Gs^Fds, Gs^Fds, Gg, Gg, Qxu, Qxu, Qxu^Bh\, Rb, Rb, Qxu^Bh\, Qxu, Qxu, Qxu, Qxu, Qxu, Qxu, Rb, Rb, Hhd, Md, Qxu
Gg, Rr, Ch, Ch, Rr, Rr^Vhc, Rr, Ce, Rr, Ce, Wwf, Wwf, Gs^Fds, Gs^Fds, Gg, Qxu^Bh\, Qxu^Bh\, Qxu, Qxu^Bh|, Qxu, Qxu, Qxu^Bh\, Cvr, Qxu, Qxu, Qxu, Qxu^Bh/, Qxu^Bh/, Qxu^Bh/, Hhd, Qxu, Qxu
Gg, Rr, Rr, Rr, Rr, Rr, Rr, Rr, Gs^Fds, Gs^Fds, Gg, Gs^Fds, Gs^Fds, Gs^Fds, Gg, Gg, Qxu, Qxu^Bh\, Rb, Qxu, Qxu, Cvr, Hhd, Hhd, Gg^Ve, Rb, Rb, Qxu^Bh/, Qxu, Qxu, Qxu, Qxu
Gg, Rr, Ce, Ce, Ce, Ce, Rr, Rr, Gs^Fds, Gg, Gg, Gg, Gg, Gg, Qxu, Gg, Qxu, Qxu, Qxu, Qxu^Bh\, Hhd, Rb, Md, Md, Cvr, Md, Md, Rb, Qxu, Qxu, Qxu, Qxu
Gg, Gg, Gs^Fds, Gs^Vh, Gs^Fds, Gg, Gs^Fds, Gs^Fds, Gs^Fds, Gs^Fds, Gg, Qxu^Bh\, Qxu^Bh\, Qxu^Bh\, Qxu^Bh\, Qxu, Qxu, Qxu, Qxu^Bh/, Rb, Rb, Gg^Ve, Hhd, Md, Cvr, Md, Hhd, Gg^Ve, Cvr, Qxu, Qxu, Qxu
Gg, Gs^Fds, Gs^Fds, Gs^Fds, Gs^Fds, Gs^Fds, Gs^Vh, Gg, Gs^Fds, Gs^Fds, Qxu, Qxu, Qxu, Qxu^Bh\, Hhd, Qxu^Bh\, Rb, Qxu^Bh/, Qxu^Bh/, Qxu^Bh/, Rb, Hhd, Hhd, Cvr, Md, Cvr, Hhd, Hhd, Cvr, Qxu, Qxu, Qxu
Gg, Gs^Fds, Gs^Fds, Gs^Fds, Gs^Fds, Gs^Fds, Gg, Gg, Gs^Fds, Gs^Fds, Qxu, Qxu, Qxu^Bh/, Hhd, Hhd, Hhd, Uu^Vud, Gll^Feth, Hhd, Qxu, Qxu, Cvr, Cvr, Md, Md, Gg^Ve, Rb, Wwf, Qxu, Qxu, Qxu, Qxu
Gg, Gg, Qxu, Gs^Fds, Gs^Fds, Gs^Fds, Gg, Gg, Qxu^Bh\, Qxu, Rb, Qxu^Bh/, Qxu, Md, Qxu, Md, Rb, Wwf, Hhd, Qxu, Qxu, Qxu, Qxu, Rb, Rb, Rb, Qxu^Bh|, Rb, Qxu, Qxu, Qxu, Qxu
Qxu, Qxu, Qxu, Qxu^Bh|, Qxu^Bh|, Gg, Qxu, Qxu^Bh\, Qxu^Bh\, Qxu^Bh\, Rb, Gll^Feth, Gd^Fetd, Qxu, Qxu^Bh/, Qxu^Bh/, Rb, Rb, Qxu^Bh\, Qxu, Qxu, Qxu, Qxu^Bh/, Qxu^Bh/, Qxu, Qxu^Bh|, Qxu^Bh|, Qxu, Qxu, Qxu, Qxu, Qxu
Qxu, Qxu, Qxu, Qxu^Bh|, Qxu^Bh|, Qxu, Qxu, Qxu, Qxu, Hhd, Hhd, Uu^Vud, Hhd, Rb, Qxu^Bh/, Qxu^Bh/, Qxu, Qxu^Bh\, Qxu^Bh\, Qxu^Bh\, Rb, Qxu^Bh/, Qxu, Qxu, Qxu, Qxu^Bh|, Rb, Qxu, Qxu, Qxu, Qxu, Qxu
Qxu, Qxu, Qxu, Rb, Rb, Qxu, Qxu, Qxu, Qxu, Md, Qxu^Bh/, Hhd, Qxu^Bh|, Rb, Rb, Qxu, Qxu, Qxu, Qxu, Rb, Uu^Vud, Hhd, Rb, Qxu, Qxu, Hhd, Rb, Qxu^Bh\, Ss, Qxu, Qxu, Qxu
Qxu, Qxu, Hhd, Md, Rb, Qxu^Bh\, Qxu^Bh\, Qxu, Qxu^Bh/, Qxu^Bh/, Qxu, Qxu, Qxu^Bh|, Qxu, Qxu, Qxu, Qxu, Rb, Md, Hhd, Hhd, Hhd, Qxu, Qxu^Bh\, Qxu^Bh\, Qxu, Qxu, Qxu^Bh\, Ss, Ss, Ss, Qxu
Qxu, Qxu, Hhd, Gd^Fetd, Gd^Fetd, Qxu^Bh\, Qxu^Bh\, Rb, Hhd, Qxu, Qxu, Qxu, Hhd, Qxu, Qxu, Qxu, Qxu^Bh/, Rb, Gd^Fetd, Rb, Qxu^Bh\, Qxu, Qxu, Qxu, Qxu, Qxu^Bh\, Gg, Gs^Fds, Gs^Fds, Wwf, Wwf, Wwf
Qxu, Qxu, Md, Hhd, Rb, Qxu, Qxu, Rb, Rb, Gd^Fetd, Qxu^Bh\, Qxu, Md, Qxu, Rb, Qxu^Bh/, Qxu, Rb, Qxu, Qxu^Bh\, Qxu^Bh\, Qxu^Bh\, Gs^Fds, Gg, Gs^Fds, Gs^Fds, Gg, Gs^Fds, Gg, Gs^Vh, Wwf, Wwf
Qxu, Qxu, Qxu, Rb, Qxu^Bh|, Qxu, Qxu, Qxu, Qxu, Qxu, Qxu, Rb, Hhd, Hhd, Rb, Qxu^Bh\, Qxu^Bh\, Qxu, Qxu, Qxu, Gg, Gg, Gs^Fds, Gs^Fds, Gs^Fds, Gs^Fds, Rr, Ce, Ce, Ce, Ce, Gg
Qxu, Qxu, Qxu, Qxu^Bh|, Qxu^Bh|, Qxu, Qxu, Qxu, Qxu, Qxu, Qxu^Bh/, Rb, Gd^Fetd, Uu^Vud, Rb, Qxu^Bh\, Qxu^Bh\, Qxu^Bh\, Gg, Gg, Gg, Gs^Fds, Gs^Fds, Gs^Fds, Gg, Rr, Ce, Rr, Rr, Rr, Rr, Rr
Qxu, Qxu, Qxu, Qxu^Bh|, Hhd, Rb, Md, Rb, Rb, Qxu^Bh/, Qxu^Bh/, Qxu^Bh/, Qxu, Gd^Fetd, Qxu, Qxu, Qxu, Qxu^Bh\, Gg, Gs^Fds, Gs^Fds, Gs^Vh, Gg, Gg, Ce, Ce, Rr, Rr, Cf, Cf, Cf, Rr
Qxu, Qxu, Qxu, Rb, Gd^Fetd, Wwf, Hhd, Md, Rb, Rb, Qxu, Qxu, Qxu, Rb, Qxu, Qxu, Qxu, Gg, Gs^Fds, Gs^Fds, Gs^Fds, Gs^Fds, Wwf, Gs^Vc, Ce, Rr, Rr^Vhc, Rr, Cf, 2 Kf, Cf, Rr
Qxu, Qxu, Qxu, Qxu, Qxu, Rb, Qxu, Hhd, Qxu, Qxu, Qxu, Qxu, Qxu, Qxu, Qxu, Qxu, Qxu, Qxu, Gg, Gs^Fds, Gs^Fds, Wwf, Wwf, Gs^Vc, Rr, Rr, Rr, Rr, Rr, Cf, Rr, Rr
Qxu, Qxu, Qxu, Qxu, Qxu, Qxu, Qxu, Qxu, Qxu, Qxu, Qxu, Qxu, Qxu, Qxu, Qxu, Qxu, Qxu, Qxu, Gg, Gg, Gg, Gg, Gg, Gg, Gg, Gg, Gg, Rr, Gg, Rr, Gg, Gg
