Xu, Xu, Xu, Xu, Xu, Xu, Xu, Xu, Uu, Xu, Xu, Xu, Xu, Xu, Xu, Xu, Xu, Ww^Wkf, Ss, Ww^Wkf, Wwg, Xu
Xu, Ur, Ce, Ce, Ce, Uu^Vud, Uu^Edb, Uu^Vud, Uu, Qlf, Xu, Qlf, Qlf, Uu, Uu^Emf, Uu^Emf, Ss, Ww^Emf, Ww^Wkf, Ss, Wog, Wwg
Xu, Ur, Ce, 1 Ke, Ce, Ur, Uu^Vud, Xu, Xu, Xu, Xu, Xu, Xu, Cfr, Wwg^Bsb\, Ww^Wkf, Wog, Ww^Wkf, Wwg^Emf, Wog, Ss, Ww^Wkf
Xu, Ur, Ur, Ce, Ur, Ur, Xu, Uu, Cfr, Xu, Xu, Xu, Uu^Emf, Uu^Emf, Ww^Vm, Wog^Bsb\, Wwg^Bsb\, Wwg, Wwf^Emf, Ww^Wkf, Ww^Wkf, Ww^Wkf
Xu, Uu^Vud, Ur, Ur, Ur, Ur, Ur, Ur, Ur, Cfr, Uu, Uu^Edb, Uu^Edb, Ss, Wwg, Wog, Wwg, Wwf^Bsb\, Cfr, Ss, Ss, Ww^Wkf
Xu, Uu^Edb, Ur, Xu, Uu, Uu^Edb, Xu, Xu, Xu, Ur, Uu^Edb, Xu, Uu^Emf, Wwg, Ww^Ewl, Wwg, Wog, Ww^Vm, Uu, Uu^Emf, Uu, Xu
Xu, Uu^Edb, Ur, Uu^Edb, Xu, Xu, Xu, Xu, Ur, Ur, Uu^Edb, Xu, Uu^Edb, Uu^Edb, Wwf^Bw\, Wwg, Wog, Wwg, Uu^Edb, Xu, Uu^Edb, Xu
Xu, Uu^Edb, Cfr, Uu^Edb, Xu, Xu, Ur, Ur, Qxu, Uu^Edb, Xu, Uu, Wwf, Ww^Ewl, Wwg, Wwg^Bw\, Wog^Bw\, Wwg, Uu^Emf, Xu, Uu^Emf, Xu
Xu, Uu, Cfr, Uu, Uu, Ur, Qxu^Bh\, Qxu, Uu, Uu, Xu, Cfr, Wwf, Wwg, Wwg, Wog, Wwg, Wwg^Bw\, Uu, Xu, Uu^Emf, Xu
Xu, Uu, Uu, Uu, Uu, Qxu, Qxu, Qxu^Bh\, Ur, Xu, Xu, Uu, Uu^Vud, Wwf, Wwg, Wwg, Ww^Ewl, Ww^Ewl, Uu^Emf, Xu, Uu^Edb, Xu
Xu, Uu, Uu, Xu, Xu, Uu, Ur, Ur, Xu, Xu, Xu, Xu, Uu^Edb, Ww^Ewl, Wog, Wwg, Wwg, Wwf, Uu^Edb, Uu^Edb, Uu, Xu
Xu, Uu^Edb, Uu^Edb, Xu, Qlf, Xu, Ur, Uu^Vud, Xu, Xu, Cfr, Xu, Uu, Wwg, Wog, Wog, Wwg, Ww^Ewl, Uu, Xu, Uu, Xu
Xu, Uu, Uu^Edb, Uu, Xu, Xu, Cfr, Ur, Uu^Vud, Cfr, Uu, Uu^Edb, Ww^Ewl, Wwg^Bw\, Wog^Bw\, Wog, Wwg, Ww^Ewl, Uu, Xu, Uu, Xu
Xu, Uu, Uu, Xu, Xu, Cfr, Uu, Ur, Ur, Uu, Uu^Edb, Wwg, Wwg, Wwg, Wwg, Wwg^Bw\, Uu^Edb, Uu^Edb, Cfr, Xu, Ur, Xu
Xu, Uu^Edb, Uu^Vud, Xu, Uu, Uu, Ww^Ewl, Uu, Wwf^Bw|, Wwg, Wwg, Wwg^Bw\, Wwg^Bw\, Ww^Ewl, Wwf, Ww^Ewl, Uu, Uu^Edb, Uu, Cfr, Ur, Xu
Xu, Uu, Uu^Edb, Uu, Wwg, Wwf^Bw|, Wwg, Wwf, Wwg^Bw|, Wwg, Ww^Ewl, Wwg, Ww^Ewl, Wwf^Bw\, Ur, Xu, Xu, Xu, Ur, Ur, Uu, Xu
Xu, Uu^Edb, Uu, Wwg, Wog, Wwg^Bw|, Wog, Ww^Ewl, Wwg^Bw|, Wog, Wwg, Uu, Ur, Ur, Cfr, Xu, Uu^Edb, Uu^Edb, Cfr, Xu, Uu, Xu
Xu, Uu, Wwg, Ww^Ewl, Wog, Wog^Bw|, Wwg, Ww^Ewl, Ur, Wwg, Ur, Ur, Uu, Ur, Ur, Uu, Uu^Vud, Uu, Ur, Cfr, Uu^Vud, Xu
Xu, Uu, Wwg^Bw\, Wog, Wwg, Wwg^Bw|, Uu^Edb, Uu^Edb, Uu^Edb, Ur, Cfr, Cfr, Xu, Xu, Xu, Ur, Ur, Ur, Ce, Ur, Ur, Xu
Xu, Uu, Wwg, Wog^Bw\, Wwg^Bw\, Uu, Uu, Xu, Xu, Xu, Xu, Xu, Xu, Xu, Xu, Uu^Vud, Ur, Ce, 2 Ke, Ce, Ur, Xu
Xu, Uu, Wwg, Wog, Wwg, Uu, Uu, Uu, Uu, Uu, Qlf, Qlf, Qlf, Uu, Uu, Ur, Uu^Vud, Ce, Ce, Ce, Ur, Xu
Xu, Wwg, Wwg, Wwg, Wwg, Xu, Xu, Xu, Xu, Xu, Xu, Xu, Xu, Xu, Xu, Xu, Xu, Xu, Xu, Xu, Xu, Xu
