_off^_usr, _off^_usr, _off^_usr, _off^_usr, _off^_usr, _off^_usr, _off^_usr, _off^_usr, _off^_usr, _off^_usr, _off^_usr, _off^_usr, _off^_usr, _off^_usr, _off^_usr, _off^_usr, _off^_usr, _off^_usr, _off^_usr, _off^_usr, _off^_usr, _off^_usr, _off^_usr, _off^_usr, _off^_usr, _off^_usr, _off^_usr
_off^_usr, _off^_usr, _off^_usr, _off^_usr, _off^_usr, _off^_usr, _off^_usr, _off^_usr, _off^_usr, _off^_usr, _off^_usr, _off^_usr, _off^_usr, _off^_usr, _off^_usr, _off^_usr, _off^_usr, _off^_usr, _off^_usr, _off^_usr, _off^_usr, _off^_usr, _off^_usr, _off^_usr, _off^_usr, _off^_usr, _off^_usr
_off^_usr, _off^_usr, _off^_usr, _off^_usr, _off^_usr, _off^_usr, _off^_usr, _off^_usr, _off^_usr, _off^_usr, _off^_usr, _off^_usr, Gd, Gd, Gd, _off^_usr, _off^_usr, _off^_usr, _off^_usr, _off^_usr, _off^_usr, _off^_usr, _off^_usr, _off^_usr, _off^_usr, _off^_usr, _off^_usr
_off^_usr, _off^_usr, _off^_usr, _off^_usr, _off^_usr, _off^_usr, _off^_usr, _off^_usr, _off^_usr, _off^_usr, Gd, Gd, Cf, 1 Kf, Cf, Gd, Gd, _off^_usr, _off^_usr, _off^_usr, _off^_usr, _off^_usr, _off^_usr, _off^_usr, _off^_usr, _off^_usr, _off^_usr
_off^_usr, _off^_usr, _off^_usr, _off^_usr, _off^_usr, _off^_usr, _off^_usr, _off^_usr, Hhd, Hhd^Vhhr, Rp, Cf, Gd, Cf, Gd, Cf, Rp, Hhd^Vhhr, Hhd, _off^_usr, _off^_usr, _off^_usr, _off^_usr, _off^_usr, _off^_usr, _off^_usr, _off^_usr
_off^_usr, _off^_usr, _off^_usr, _off^_usr, _off^_usr, _off^_usr, Hhd, Hhd, Gd^Vhr, Rp, Gd^Es, Gd, Gd, Cf, Gd, Gd, Gd, Rp, Gd^Vhr, Hhd, Hhd, _off^_usr, _off^_usr, _off^_usr, _off^_usr, _off^_usr, _off^_usr
_off^_usr, _off^_usr, _off^_usr, _off^_usr, Gd^Fetd, Gd, Rp, Rp, Rp, Rp, Gd, Gd, Gd, Rp, Gd, Gd^Es, Gd, Rp, Rp, Rp, Rp, Gd, Gd^Fetd, _off^_usr, _off^_usr, _off^_usr, _off^_usr
_off^_usr, _off^_usr, Md, Hhd, Rp, Rp, Gd^Fetd, Gd^Es, Gd, Gd, Gd, Gll^Feth, Gd, Gd^Vhr, Gd, Gll^Feth, Gd, Gd, Gd, Gd, Gd^Fetd, Rp, Rp, Hhd, Md, _off^_usr, _off^_usr
_off^_usr, Md, Md, Rp, Md, Hhd, Hhd, Gd, Gd, Gd, Gd, Gd^Es, Gd, Rp, Gd, Gd, Gd, Gd, Gd, Gd^Es, Hhd, Hhd, Md, Rp, Md, Md, _off^_usr
_off^_usr, Md, Rp, Rp, Md, Md, Md, Hhd, Hhd, Gd^Dr, Cfr, Gd^Dr, Rp, Rp, Rp, Gd^Dr, Cfr, Gd^Dr, Hhd, Hhd, Md, Md, Md, Rp, Rp, Md, _off^_usr
_off^_usr, Hhd, Rp, Md, Md, Md, Md, Md, Md, Hhd, Hhd^Vhhr, Rp, Gd, Gd, Gd, Rp, Hhd^Vhhr, Hhd, Md, Md, Md, Md, Md, Md, Rp, Hhd, _off^_usr
_off^_usr, Gd^Fetd, Rp, Hhd, Hhd, Md, Md, Md, Md, Hhd, Cfr, Gd^Edb, Gd^Es, Gd, Gd, Gd^Edb, Cfr, Hhd, Md, Md, Md, Md, Hhd, Hhd, Rp, Gd^Fetd, _off^_usr
_off^_usr, Gd, Rp, Gd^Fetd, Gd, Hhd, Hhd, Md, Hhd, Hhd, Cfr, Gd, Wwf, Gll^Fmf, Wwf, Gd, Cfr, Hhd, Hhd, Md, Hhd, Hhd, Gd, Gd^Fetd, Rp, Gd, _off^_usr
_off^_usr, Hhd, Rp, Gd, Gd^Es, Gd, Gd^Dr, Hhd, Hhd^Vhhr, Cfr, Gd, Gd, Gd^Vhr, Wwf, Gd^Vhr, Gd, Gd, Cfr, Hhd^Vhhr, Hhd, Gd^Dr, Gd, Gd^Es, Gd, Rp, Hhd, _off^_usr
_off^_usr, Hhd, Gd^Vhr, Rp, Gd, Gd, Gd, Cfr, Rp, Gd^Edb, Gd, Wwf, Wwf, Wwf, Wwf, Wwf, Gd, Gd^Edb, Rp, Cfr, Gd, Gd, Gd, Rp, Gd^Vhr, Hhd, _off^_usr
_off^_usr, Hhd, Rp, Rp, Gd, Gd, Gd, Gd^Dr, Rp, Gd, Gd, Gll^Fmf, Wwf, Gd^Vhr, Wwf, Gll^Fmf, Gd^Es, Gd, Rp, Gd^Dr, Gd, Gd, Gd, Rp, Rp, Hhd, _off^_usr
_off^_usr, Hhd^Vhhr, Rp, Gd, Gd^Es, Gll^Feth, Gd, Gd, Rp, Gd, Gd^Es, Gd, Gd, Gd, Gd, Gd, Gd, Gd, Rp, Gd, Gd, Gll^Feth, Gd, Gd, Rp, Hhd^Vhhr, _off^_usr
_off^_usr, Gd, Cf, Gd, Gd, Gd, Gd^Vhr, Rp, Gd, Rp, Rp, Gd^Edb, Cfr, Cfr, Cfr, Gd^Edb, Rp, Rp, Gd, Rp, Gd^Vhr, Gd, Gd, Gd, Cf, Gd, _off^_usr
_off^_usr, Gd, Cf, Gd, Cf, Rp, Gd, Gd, Gd, Gd^Dr, Cfr, Hhd^Vhhr, Hhd, Hhd, Hhd, Hhd^Vhhr, Cfr, Gd^Dr, Gd, Gd, Gd, Rp, Cf, Gd^Es, Cf, Gd, _off^_usr
_off^_usr, Gd, 3 Kf, Cf, Gd, Gd, Gd^Es, Gll^Feth, Gd, Gd, Gd^Dr, Hhd, Md, Md, Md, Hhd, Gd^Dr, Gd, Gd, Gll^Feth, Gd, Gd, Gd, Cf, 2 Kf, Gd, _off^_usr
_off^_usr, Gd, Gd, Cf, Cf, Gd, Gd, Gd, Gd, Gd, Gd, Hhd, Md, Md, Md, Hhd, Gd, Gd^Es, Gd, Gd, Gd^Es, Gd, Cf, Cf, Gd, Gd, _off^_usr
_off^_usr, _off^_usr, _off^_usr, Gd, Gd, Rp, Rp, Rp, Rp, Gd, Gd, Hhd, Md, Md, Md, Hhd, Gd, Gd, Rp, Rp, Rp, Rp, Gd, Gd, _off^_usr, _off^_usr, _off^_usr
_off^_usr, _off^_usr, _off^_usr, _off^_usr, _off^_usr, Hhd^Vhhr, Hhd, Gd^Vhr, Rp, Gd, Gd^Fetd, Hhd, Md, Md, Md, Hhd, Gd^Fetd, Gd, Rp, Gd^Vhr, Hhd, Hhd^Vhhr, _off^_usr, _off^_usr, _off^_usr, _off^_usr, _off^_usr
_off^_usr, _off^_usr, _off^_usr, _off^_usr, _off^_usr, _off^_usr, _off^_usr, Hhd, Hhd, Rp, Rp, Hhd, Md, Md, Md, Hhd, Rp, Rp, Hhd, Hhd, _off^_usr, _off^_usr, _off^_usr, _off^_usr, _off^_usr, _off^_usr, _off^_usr
_off^_usr, _off^_usr, _off^_usr, _off^_usr, _off^_usr, _off^_usr, _off^_usr, _off^_usr, _off^_usr, Gd, Gd^Fetd, Rp, Rp, Rp, Rp, Rp, Gd^Fetd, Gd, _off^_usr, _off^_usr, _off^_usr, _off^_usr, _off^_usr, _off^_usr, _off^_usr, _off^_usr, _off^_usr
_off^_usr, _off^_usr, _off^_usr, _off^_usr, _off^_usr, _off^_usr, _off^_usr, _off^_usr, _off^_usr, _off^_usr, _off^_usr, Hhd, Md, Md, Md, Hhd, _off^_usr, _off^_usr, _off^_usr, _off^_usr, _off^_usr, _off^_usr, _off^_usr, _off^_usr, _off^_usr, _off^_usr, _off^_usr
_off^_usr, _off^_usr, _off^_usr, _off^_usr, _off^_usr, _off^_usr, _off^_usr, _off^_usr, _off^_usr, _off^_usr, _off^_usr, _off^_usr, _off^_usr, Md, _off^_usr, _off^_usr, _off^_usr, _off^_usr, _off^_usr, _off^_usr, _off^_usr, _off^_usr, _off^_usr, _off^_usr, _off^_usr, _off^_usr, _off^_usr
_off^_usr, _off^_usr, _off^_usr, _off^_usr, _off^_usr, _off^_usr, _off^_usr, _off^_usr, _off^_usr, _off^_usr, _off^_usr, _off^_usr, _off^_usr, _off^_usr, _off^_usr, _off^_usr, _off^_usr, _off^_usr, _off^_usr, _off^_usr, _off^_usr, _off^_usr, _off^_usr, _off^_usr, _off^_usr, _off^_usr, _off^_usr
