Wog, Wog, Wog, Wog, Wog, Wog, Wog, Wog, Wog, Wog, Wog, Wog, Wog, Wog, Wog, Wog, Wog, Wog, Wog, Wog, Wog, Wog, Wog, Wog, Wog, Wog, Wog, Wog, Wog, Wog, Wog, Wog, Wog, Wog, Wog, Wog, Wog, Wog, Wog, Wog, Wog, Wog, Wog, Wog, Wog, Wog, Wog, Wog, Wog, Wog, Wog, Wog, Wog, Wog, Wog, Wog, Wog, Wog, Wog, Wog, Wog, Wog, Wog, Wog, Wog, Wog, Wog, Wog, Wog, Wog, Wog
Wog, Wog, Wog, Wog, Wog, Wog, Wog, Wog, Wog, Wog, Wog, Wog, Wog, Wog, Wog, Wog, Wog, Wog, Wog, Wog, Wog, Wog, Wog, Wog, Wog, Wog, Wog, Wog, Wog, Wog, Wog, Wog, Wog, Wog, Wog, Wog, Wog, Wog, Wog, Wog, Wog, Wog, Wog, Wog, Wog, Wog, Wog, Wog, Wog, Wog, Wog, Wog, Wog, Wog, Wog, Wog, Wog, Wog, Wog, Wog, Wog, Wog, Wog, Wog, Wog, Wog, Wog, Wog, Wog, Wog, Wog
Wog, Wog, Wog, Wog, Wog, Wog, Wog, Wog, Wog, Wog, Wog, Wog, Wog, Wog, Wog, Wog, Wog, Wog, Wog, Wog, Wog, Wog, Wog, Wog, Wog, Wog, Wog, Wog, Wog, Wog, Wog, Wog, Wog, Wog, Wog, Wog, Wog, Wog, Wog, Wog, Wog, Wog, Wog, Wog, Wog, Wog, Wog, Wog, Wog, Wog, Wog, Wog, Wog, Wog, Wog, Wog, Wog, Wog, Wog, Wog, Wog, Wog, Wog, Wog, Wog, Wog, Wog, Wog, Wog, Wog, Wog
Wog, Wog, Wog, Wog, Wog, Wog, Wog, Wog, Wog, Wog, Wog, Wog, Wog, Wog, Wog, Wog, Wog, Wog, Wog, Wog, Wog, Wog, Wog, Wog, Wog, Wog, Wog, Wog, Wog, Wog, Wog, Wog, Wog, Wog, Wog, Wog, Wog, Wog, Wog, Wog, Wog, Wog, Wog, Wog, Wog, Wog, Wog, Wog, Wog, Wog, Wog, Wog, Wog, Wog, Wog, Wog, Wog, Wog, Wog, Wog, Wog, Wog, Wog, Wog, Wog, Wog, Wog, Wog, Wog, Wog, Wog
Wog, Wog, Wog, Wog, Wog, Wog, Wog, Wog, Wog, Wog, Wog, Wog, Wog, Wog, Wog, Wog, Wog, Wog, Wog, Wog, Wog, Wog, Wog, Wog, Wog, Wog, Wog, Wog, Wog, Wog, Wog, Wog, Wog, Wog, Wog, Wog, Wog, Wog, Wog, Wog, Wog, Wog, Wog, Wog, Wog, Wog, Wog, Wog, Wog, Wog, Wog, Wog, Wog, Wog, Wog, Wog, Wog, Wog, Wog, Wog, Wog, Wog, Wog, Wog, Wog, Wog, Wog, Wog, Wog, Wog, Wog
Wog, Wog, Wog, Wog, Wog, Wog, Wog, Wog, Wog, Wog, Wog, Wog, Wog, Wog, Wog, Wog, Wog, Wog, Wog, Wog, Wog, Wog, Wog, Wog, Wog, Wog, Wog, Wog, Wog, Wog, Wog, Wog, Wog, Wog, Wog, Wog, Wog, Wog, Wog, Wog, Wog, Wog, Wog, Wog, Wog, Wog, Wog, Wog, Wog, Wog, Wog, Wog, Wog, Wog, Wog, Wog, Wog, Wog, Wog, Wog, Wog, Wog, Wog, Wog, Wog, Wog, Wog, Wog, Wog, Wog, Wog
Wog, Wog, Wog, Wog, Wog, Wog, Wog, Wog, Wog, Wog, Wog, Wog, Wog, Wog, Wog, Wog, Wog, Wog, Wog, Wog, Wog, Wog, Wog, Wog, Wog, Wog, Wog, Wog, Wog, Wog, Wog, Wog, Wog, Wog, Wog, Wog, Wog, Wog, Wog, Wog, Wog, Wog, Wog, Wog, Wog, Wog, Wog, Wog, Wog, Wog, Wog, Wog, Wog, Wog, Wog, Wog, Wog, Wog, Wog, Wog, Wog, Wog, Wog, Wog, Wog, Wog, Wog, Wog, Wog, Wog, Wog
Wog, Wog, Wog, Wog, Wog, Wog, Wog, Wog, Wog, Wog, Wog, Wog, Wog, Wog, Wog, Wog, Wog, Wog, Wog, Wog, Wog, Wog, Wog, Wog, Wog, Wog, Wog, Wog, Wog, Wog, Wog, Wog, Wog, Wog, Wog, Wog, Wog, Wog, Wog, Wog, Wog, Wog, Wog, Wog, Wog, Wog, Wog, Wog, Wog, Wog, Wog, Wog, Wog, Wog, Wog, Wog, Wog, Wog, Wog, Wog, Wog, Wog, Wog, Wog, Wog, Wog, Wog, Wog, Wog, Wog, Wog
Wog, Wog, Wog, Wog, Wog, Wog, Wog, Wog, Wog, Wog, Wog, Wog, Wog, Wog, Mm^Xm, Mm^Xm, Mm^Xm, Mm^Xm, Mm^Xm, Mm^Xm, Mm^Xm, Mm^Xm, Mm^Xm, Mm^Xm, Mm^Xm, Mm^Xm, Mm^Xm, Mm^Xm, Mm^Xm, Mm^Xm, Mm^Xm, Mm^Xm, Mm^Xm, Mm^Xm, Mm^Xm, Mm^Xm, Mm^Xm, Mm^Xm, Mm^Xm, Mm^Xm, Mm^Xm, Mm^Xm, Mm^Xm, Mm^Xm, Mm^Xm, Mm^Xm, Mm^Xm, Mm^Xm, Mm^Xm, Mm^Xm, Mm^Xm, Mm^Xm, Mm^Xm, Mm^Xm, Mm^Xm, Mm^Xm, Mm^Xm, Mm^Xm, Mm^Xm, Mm^Xm, Mm^Xm, Wog, Wog, Wog, Wog, Wog, Wog, Wog, Wog, Wog, Wog
Wog, Wog, Wog, Wog, Wog, Wog, Wog, Wog, Wog, Wog, Wog, Wog, Mm^Xm, Mm^Xm, Mm, Mm, Mm, Mm, Hh, Hh, Hh, Rr^Vhc, Hh, Hh, Hh, Hh, Hh, Hh, Qxua, Qxua, Qxua, Gd, Gd, Gd^Es, Gd, Gd, Gd, Gd^Es, Gd, Gd, Gd, Gd^Es, Gd, Gd, Qxua, Qxua, Qxua, Hh, Hh, Hh, Hh, Hh, Hh, Gg^Ve, Hh, Hh, Hh, Mm, Mm, Mm, Mm, Mm^Xm, Mm^Xm, Wog, Wog, Wog, Wog, Wog, Wog, Wog, Wog
Wog, Wog, Wog, Wog, Wog, Wog, Wog, Wog, Wog, Wog, Mm^Xm, Mm^Xm, Mm, Mm, Mm, Mm, Gg, Hh, Gg, Hh, Gg, Hh^Edt, Gg, Hh^Es, Gg, Hh, Ww, Ww^Ewl, Ww, Ww, Ww, Gd, Gd^Es, Gd^Emf, Gd^Emf, Gd^Es, Gd, Gd, Gd^Es, Gd, Gd^Emf, Gd^Emf, Gd, Gd^Es, Ww, Ww, Ww^Ewl, Ww, Ww^Ewl, Hh, Gg, Hh, Gg, Hh, Gg^Es, Hh^Es, Gg^Efm, Hh, Gg, Mm, Mm, Mm, Mm, Mm^Xm, Mm^Xm, Wog, Wog, Wog, Wog, Wog, Wog
Wog, Wog, Wog, Wog, Wog, Wog, Wog, Wog, Wog, Wog, Mm^Xm, Mm, Gg, Mm, Gg, Gg, Ch, Gg, Gg^Es, Gg, Gg^Efm, Gg^Es, Gg, Gg^Es, Gg, Ww^Bsb\, Ww^Bsb\, Ww, Ww^Ewl, Ww, Gd, Gd, Cfr, Cfr, Gd^Emf, Gd, Gd^Es, Gd^Ebn, Gd, Gd, Gd^Emf, Cfr, Cfr, Gd, Gd^Es, Ww, Ww, Ww, Ww^Bsb/, Ww^Bsb/, Gg, Gg, Gg^Es, Gg, Gg, Gg, Gg, Gg, Cv, Gg, Gg^Es, Mm, Gg, Mm, Mm^Xm, Wog, Wog, Wog, Wog, Wog, Wog
Wog, Wog, Wog, Wog, Wog, Wog, Wog, Wog, Wog, Wog, Mm^Xm, Gg, Gll^Fp, Gll^Fp, Gll^Fp, Gg, Gg^Efm, Ch, Ch, Gg, Gg, Gg, Gg, Gg^Efm, Gg, Ww^Bsb\, Ww^Bsb\, Ww^Bsb\, Ww^Bsb\, Gd, Gd^Es, Gd, Cfr, Gd, Gd, Gs^Vh, Gd^Edt, Gs^Vh, Gd^Edt, Gs^Vh, Gd, Gd, Cfr, Gd, Gd, Gd, Ww^Bsb/, Ww^Bsb/, Ww^Bsb/, Ww^Bsb/, Gg, Gg^Efm, Gg, Gg^Efm, Gg, Gg, Cv, Cv, Gg^Efm, Gg, Gs^Fds, Gs^Fds, Gs^Fds, Gg, Mm^Xm, Wog, Wog, Wog, Wog, Wog, Wog
Wog, Wog, Wog, Wog, Wog, Wog, Wog, Wog, Wog, Wog, Mm^Xm, Gg, Gll^Fp, Gll^Fp, Gll^Fp, Gg, Gg, Gg^Edt, Rr^Vhc, Ch, Rr^Vhc, Gg^Edt, Gll^Fp, Gg, Gg, Ww, Ww, Ww^Bsb\, Ww^Bsb\, Gd, Gs^Vh, Gd, Cfr, Gd, Gd, Gd^Es, Cf, Gd, Cf, Gd^Edt, Gd^Es, Gd, Cfr, Gd, Gs^Vh, Gd, Ww^Bsb/, Ww^Bsb/, Ww, Ww, Gg^Es, Gg, Gs^Fds, Gg, Gg^Ve, Cv, Gg^Ve, Gg, Gg, Gg, Gs^Fds, Gs^Fds, Gs^Fds, Gg, Mm^Xm, Wog, Wog, Wog, Wog, Wog, Wog
Wog, Wog, Wog, Wog, Wog, Wog, Wog, Wog, Wog, Wog, Mm^Xm, Gg, Gg^Es, Gll^Fp, Ch, Ch, Ch, Gg, Gg, Ch, Gg, Gll^Fp, Gll^Fp, Gll^Fp, Gg^Es, Ww^Ewl, Ww^Vm, Ww, Ww, Gd, Gd^Edt, Gd, Gd, Gd, Gd, Gd, Cf, Cf, Cf, Gd, Gd, Gd, Gd, Gd^Edt, Gd, Gd, Ww, Ww, Ww^Ewl, Ww, Gg, Gs^Fds, Gs^Fds, Gs^Fds, Gg, Cv, Gg^Efm, Gg, Cv, Cv, Cv, Gs^Fds, Gg^Es, Gg, Mm^Xm, Wog, Wog, Wog, Wog, Wog, Wog
Wog, Wog, Wog, Wog, Wog, Wog, Wog, Wog, Wog, Wog, Mm^Xm, Gg, Gg, Gg, Ch, 2 Kh, Ch, Gg, Gg^Efm, Gg, Gg, Gll^Fp, Gll^Fp, Gll^Fp, Gg, Ww, Ww, Ww^Ewl, Ww, Gd, Gd^Es, Gd^Es, Gd, Gs^Vh, Gd, Gd, Cf, 1 Kf, Cf, Gd^Es, Gd, Gs^Vh, Gd, Gd, Gd, Gd, Ww, Ww, Ww^Vm, Ww, Gg, Gs^Fds, Gs^Fds, Gs^Fds, Gg, Gg, Gg, Gg, Cv, 3 Kv, Cv, Gg, Gg, Gg, Mm^Xm, Wog, Wog, Wog, Wog, Wog, Wog
Wog, Wog, Wog, Wog, Wog, Wog, Wog, Wog, Wog, Wog, Mm^Xm, Gg, Gll^Fp, Gll^Fp, Gll^Fp, Ch, Gg, Gg, Rr^Vhc, Ch, Rr^Vhc, Gll^Fp, Gll^Fp, Gll^Fp, Gg^Es, Ww, Ww, Ww, Ww^Bsb/, Gd, Gs^Vh, Gd, Cfr, Gd, Gd, Gd, Cf, Cf, Cf, Gd, Gd, Gd^Es, Cfr, Gd, Gs^Vh, Gd^Es, Ww^Bsb\, Ww, Ww, Ww, Gg, Gs^Fds, Gs^Fds, Gs^Fds, Gg^Ve, Cv, Gg^Ve, Gg, Gg, Cv, Gs^Fds, Gs^Fds, Gs^Fds, Gg^Es, Mm^Xm, Wog, Wog, Wog, Wog, Wog, Wog
Wog, Wog, Wog, Wog, Wog, Wog, Wog, Wog, Wog, Wog, Mm^Xm, Gg, Gll^Fp, Gll^Fp, Gll^Fp, Gg, Gg^Es, Gg^Edt, Ch, Ch, Gg^Edt, Gg, Gg, Gg, Gg, Ww, Ww^Bsb/, Ww^Bsb/, Ww^Bsb/, Gd, Gd, Gd^Edt, Cfr, Gd, Gd^Es, Gd, Gd^Edt, Gd, Gd, Gd^Edt, Gd, Gd, Cfr, Gd, Gd^Edt, Gd, Ww^Bsb\, Ww^Bsb\, Ww^Bsb\, Ww, Gg^Es, Gg, Gg, Gg, Gg, Cv, Cv, Gg^Es, Gg, Gg^Efm, Gs^Fds, Gs^Fds, Gs^Fds, Gg, Mm^Xm, Wog, Wog, Wog, Wog, Wog, Wog
Wog, Wog, Wog, Wog, Wog, Wog, Wog, Wog, Wog, Wog, Mm^Xm, Gg, Mm, Gll^Fp, Gg, Gg, Ch, Ch, Gg, Gg, Gg^Efm, Gg^Es, Gg, Gg^Efm, Gg, Ww^Bsb/, Ww^Bsb/, Ww^Bsb/, Ww, Gd, Gd, Gd, Cfr, Gd, Gd^Emf, Gs^Vh, Gd, Gs^Vh, Gd^Edt, Gs^Vh, Gd^Emf, Gd, Cfr, Gd^Es, Gd, Gd, Ww, Ww^Bsb\, Ww^Bsb\, Ww^Bsb\, Gg, Gg^Efm, Gg, Gg^Efm, Gg, Gg, Gg^Es, Cv, Cv, Gg, Gg, Gs^Fds, Gg, Gg, Mm^Xm, Wog, Wog, Wog, Wog, Wog, Wog
Wog, Wog, Wog, Wog, Wog, Wog, Wog, Wog, Wog, Wog, Mm^Xm, Mm, Mm, Mm, Mm, Gg, Gg, Gg, Gg^Es, Gg, Gg, Gg, Gg^Es, Gg^Es, Gg, Ww^Bsb/, Ww, Ww^Ewl, Ww, Ww, Ww^Ewl, Gd, Gd, Cfr, Gd^Emf, Gd, Gd, Gd^Ebn, Gd, Gd, Gd^Emf, Cfr, Gd, Gd, Ww^Ewl, Ww, Ww^Ewl, Ww, Ww, Ww^Bsb\, Gg, Gg, Gg, Gg^Efm, Gg, Gg, Gg, Gg, Gg, Gg, Mm, Mm, Mm, Mm, Mm^Xm, Wog, Wog, Wog, Wog, Wog, Wog
Wog, Wog, Wog, Wog, Wog, Wog, Wog, Wog, Wog, Wog, Wog, Mm^Xm, Mm^Xm, Mm, Mm, Mm, Mm, Hh, Hh, Hh, Hh, Hh, Hh^Edt, Hh, Hh, Hh, Hh, Ww, Qxua, Ww, Qxua, Gd, Gd, Gd^Emf, Gd, Gd^Es, Gd, Gd, Gd, Gd^Es, Gd, Gd^Emf, Gd, Gd^Es, Qxua, Ww, Qxua, Ww, Hh, Hh, Hh, Hh, Hh, Hh, Hh, Hh, Hh, Hh, Mm, Mm, Mm, Mm, Mm^Xm, Mm^Xm, Wog, Wog, Wog, Wog, Wog, Wog, Wog
Wog, Wog, Wog, Wog, Wog, Wog, Wog, Wog, Wog, Wog, Wog, Wog, Wog, Mm^Xm, Mm^Xm, Mm, Mm^Xm, Mm, Mm^Xm, Hh, Mm^Xm, Rr^Vhc, Mm^Xm, Hh, Mm^Xm, Hh, Mm^Xm, Hh, Mm^Xm, Qxua, Mm^Xm, Gd, Mm^Xm, Gd, Mm^Xm, Gd, Mm^Xm, Gd, Mm^Xm, Gd, Mm^Xm, Gd^Es, Mm^Xm, Gd, Mm^Xm, Qxua, Mm^Xm, Hh, Mm^Xm, Hh, Mm^Xm, Hh, Mm^Xm, Gg^Ve, Mm^Xm, Hh, Mm^Xm, Mm, Mm^Xm, Mm, Mm^Xm, Mm^Xm, Wog, Wog, Wog, Wog, Wog, Wog, Wog, Wog, Wog
Wog, Wog, Wog, Wog, Wog, Wog, Wog, Wog, Wog, Wog, Wog, Wog, Wog, Wog, Wog, Mm^Xm, Wog, Mm^Xm, Wog, Mm^Xm, Wog, Mm^Xm, Wog, Mm^Xm, Wog, Mm^Xm, Wog, Mm^Xm, Wog, Mm^Xm, Wog, Mm^Xm, Wog, Mm^Xm, Wog, Mm^Xm, Wog, Mm^Xm, Wog, Mm^Xm, Wog, Mm^Xm, Wog, Mm^Xm, Wog, Mm^Xm, Wog, Mm^Xm, Wog, Mm^Xm, Wog, Mm^Xm, Wog, Mm^Xm, Wog, Mm^Xm, Wog, Mm^Xm, Wog, Mm^Xm, Wog, Wog, Wog, Wog, Wog, Wog, Wog, Wog, Wog, Wog, Wog
Wog, Wog, Wog, Wog, Wog, Wog, Wog, Wog, Wog, Wog, Wog, Wog, Wog, Wog, Wog, Wog, Wog, Wog, Wog, Wog, Wog, Wog, Wog, Wog, Wog, Wog, Wog, Wog, Wog, Wog, Wog, Wog, Wog, Wog, Wog, Wog, Wog, Wog, Wog, Wog, Wog, Wog, Wog, Wog, Wog, Wog, Wog, Wog, Wog, Wog, Wog, Wog, Wog, Wog, Wog, Wog, Wog, Wog, Wog, Wog, Wog, Wog, Wog, Wog, Wog, Wog, Wog, Wog, Wog, Wog, Wog
Wog, Wog, Wog, Wog, Wog, Wog, Wog, Wog, Wog, Wog, Wog, Wog, Wog, Wog, Wog, Wog, Wog, Wog, Wog, Wog, Wog, Wog, Wog, Wog, Wog, Wog, Wog, Wog, Wog, Wog, Wog, Wog, Wog, Wog, Wog, Wog, Wog, Wog, Wog, Wog, Wog, Wog, Wog, Wog, Wog, Wog, Wog, Wog, Wog, Wog, Wog, Wog, Wog, Wog, Wog, Wog, Wog, Wog, Wog, Wog, Wog, Wog, Wog, Wog, Wog, Wog, Wog, Wog, Wog, Wog, Wog
Wog, Wog, Wog, Wog, Wog, Wog, Wog, Wog, Wog, Wog, Wog, Wog, Wog, Wog, Wog, Wog, Wog, Wog, Wog, Wog, Wog, Wog, Wog, Wog, Wog, Wog, Wog, Wog, Wog, Wog, Wog, Wog, Wog, Wog, Wog, Wog, Wog, Wog, Wog, Wog, Wog, Wog, Wog, Wog, Wog, Wog, Wog, Wog, Wog, Wog, Wog, Wog, Wog, Wog, Wog, Wog, Wog, Wog, Wog, Wog, Wog, Wog, Wog, Wog, Wog, Wog, Wog, Wog, Wog, Wog, Wog
Wog, Wog, Wog, Wog, Wog, Wog, Wog, Wog, Wog, Wog, Wog, Wog, Wog, Wog, Wog, Wog, Wog, Wog, Wog, Wog, Wog, Wog, Wog, Wog, Wog, Wog, Wog, Wog, Wog, Wog, Wog, Wog, Wog, Wog, Wog, Wog, Wog, Wog, Wog, Wog, Wog, Wog, Wog, Wog, Wog, Wog, Wog, Wog, Wog, Wog, Wog, Wog, Wog, Wog, Wog, Wog, Wog, Wog, Wog, Wog, Wog, Wog, Wog, Wog, Wog, Wog, Wog, Wog, Wog, Wog, Wog
Wog, Wog, Wog, Wog, Wog, Wog, Wog, Wog, Wog, Wog, Wog, Wog, Wog, Wog, Wog, Wog, Wog, Wog, Wog, Wog, Wog, Wog, Wog, Wog, Wog, Wog, Wog, Wog, Wog, Wog, Wog, Wog, Wog, Wog, Wog, Wog, Wog, Wog, Wog, Wog, Wog, Wog, Wog, Wog, Wog, Wog, Wog, Wog, Wog, Wog, Wog, Wog, Wog, Wog, Wog, Wog, Wog, Wog, Wog, Wog, Wog, Wog, Wog, Wog, Wog, Wog, Wog, Wog, Wog, Wog, Wog
Wog, Wog, Wog, Wog, Wog, Wog, Wog, Wog, Wog, Wog, Wog, Wog, Wog, Wog, Wog, Wog, Wog, Wog, Wog, Wog, Wog, Wog, Wog, Wog, Wog, Wog, Wog, Wog, Wog, Wog, Wog, Wog, Wog, Wog, Wog, Wog, Wog, Wog, Wog, Wog, Wog, Wog, Wog, Wog, Wog, Wog, Wog, Wog, Wog, Wog, Wog, Wog, Wog, Wog, Wog, Wog, Wog, Wog, Wog, Wog, Wog, Wog, Wog, Wog, Wog, Wog, Wog, Wog, Wog, Wog, Wog
