Gg, Gg, Gg, Gg, Gg, Gg, Gg, Gg, Gg, Gg, Gg, Gg, Gg, Gg, Gg, Gg, Gg, Gg, Gg, Gg, Gg, Gg, Gg, Gg, Gg, Gg, Gg, Gg, Gg, Gg, Gg, Gg, Gg, Gg, Gg, Gg, Gg, Gg, Gg, Gg, Gg, Gg, Gg, Gg, Gg, Gg, Gg, Gg, Gg, Gg, Gg, Gg, Gg
Gg, Gg, Gg, Gg, Gg, Gg, Gg, Gg, Gg, Gg, Gg, Gg, Gll, Gg, Gg, Gg, Gs^Fms, Gll, Gs^Fms, Gg, Gll, Gll, Gs^Fms, Gg, Gs^Fms, Gg, Gg, Gg, Gg, Gg, Gg, Gg, Gg, Gg, Gg, Gg, Gg, Gg, Gg, Gg, Hh, Hh, Hh, Gg, Gg, Gg, Mm, Gg, Gg, Gg, Gg, Gg, Gg
Gg, Gg, Gg, Gg^Efm, Gg, Gg, Gg, Gg, Gg, Gg, Gg^Efm, Gg, Gll, Gll, Gs^Fms, Gs^Fms, Gs^Fms, Gs^Fms, Gs^Fms, Gs^Fms, Gs^Fms, Gs^Fms, Gs^Fms, Gs^Fms, Gg^Fet, Gs^Fms, Gs^Fms, Gg, Gg, Gg, Gg, Gg, Gg, Gg^Efm, Gg, Gg, Gg, Gg, Gg^Efm, Gg, Mm, Mm, Mm, Hh, Mm, Mm, Mm^Xm, Mm, Mm, Gg, Gg, Gg, Gg
Gg, Gg, Gg, Gg, Ww^Ewl, Ww, Ww^Ewl, Ww, Gg, Gg, Gg, Gg, Gs^Fms, Gs^Fms, Hh, Gll, Hh, Gs^Fms, Hh, Gs^Fms, Gs^Fms, Gg^Fet, Gs^Fms, Gs^Fms, Gs^Fms, Gs^Fms, Gg, Gg, Gg, Gg^Efm, Gg, Gg, Gg, Gg, Gg, Gg, Gg, Gg, Gg, Hh, Hh, Mm, Mm, Mm^Xm, Mm^Xm, Mm^Xm, Mm^Xm, Mm^Xm, Mm, Gg, Gg, Gg, Gg
Gg, Gg, Ww^Ewl, Ww, Ww, Ww, Ww, Gg, Gg^Efm, Gg, Gg, Gll, Gll, Gg, Gg^Edt, Hh, Hh, Hh, Hh, Gg, Gll, Gs^Fms, Gll, Gg, Gll, Gll, Gll, Gg, Gg, Gg, Gg, Gg, Gg, Gg^Efm, Gg, Gg, Gg, Gg, Gg, Gg, Hh, Mm, Mm^Xm, Mm^Xm, Mm^Xm, Mm^Xm, Mm^Xm, Mm^Xm, Mm, Hh, Hh, Gg, Gg
Gg, Gg, Ww^Ewl, Ww, Ww, Wwf, Wwf, Gll, Gg, Gg, Gg, Gg, Gg, Gg, Gg, Gs^Vc, Gg^Edt, Gg, Gg^Gvs, Gg^Gvs, Gg^Gvs, Gll, Rp, Rp, Rp, Gll, Rp, Gg^Efm, Rp, Rp, Gg, Re, Re, Re, Ce, Re, Re, Gg, Gg^Efm, Gg, Gg, Mm, Mm, Mm^Xm, Mm^Xm, Mm^Xm, Mm^Xm, Mm^Xm, Mm, Hh, Hh, Gg, Gg
Gg, Ww, Wwf, Wwf, Wwf, Wwf, Gs^Fms, Gs^Fms, Gs^Fms, Gll, Gll, Gg, Gg^Gvs, Gg^Gvs, Gg^Gvs, Rp, Rp, Gg, Gg, Gg^Gvs, Gg, Rp, Gg, Gg^Efm, Gll, Rp, Gg, Rp, Gg, Gg, Re, Ket, Re, Ce, 1 Ke, Ce, Re^Vct, Re, Gg, Gg, Gg, Hh, Hh, Mm, Mm, Mm, Mm, Mm, Hh, Hh, Gg, Gg, Gg
Gg, Gg, Wwf, Wwf, Gs^Fms, Gs^Fms, Gg^Fet, Gs^Fms, Gs^Fms, Gs^Fms, Gll, Gg^Gvs, Gg^Gvs, Gg^Wm, Gg^Gvs, Gg^Gvs, Gg^Edt, Rp, Gg^Edt, Gg, Gg, Gg, Gll, Gll, Gs^Fms, Gll, Gs^Fms, Gg, Gg, Gg, Re, Ce, Re^Vct, Ce, Ce, Ce, Re^Vct, Re, Gg, Gg^Efm, Gg, Gg, Gg, Hh, Hh, Hh, Hh, Hh, Hh, Hh, Gg, Gg, Gg
Gg, Ww, Ww^Ewl, Wwf, Gs^Fms, Gs^Fms, Gg^Fet, Gs^Fms, Gs^Fms, Gg, Hh, Gg, Gg, Gg^Gvs, Gg, Gg, Gg^Edt, Gs^Vc, Gg^Edt, Gg, Gs^Fms, Gs^Fms, Gs^Fms, Gs^Fms, Gs^Fms, Gs^Fms, Gs^Fms, Gs^Fms, Gs^Fms, Gg, Gg, Ce, Re, Re, Re, Re, Ket, Ce, Gg, Gg, Gg, Gg, Gg, Gg, Gll, Gg, Gs^Fms, Gll, Gs^Fms, Gg, Gg^Efm, Gg, Gg
Gg, Gg, Ww, Wwf, Gs^Fms, Gs^Fms, Gs^Fms, Gs^Fms, Hh, Hh, Hh, Hh, Gg, Gg, Gg, Gg, Gg^Efm, Gg, Gg, Gg, Gll, Gs^Fms, Gs^Fms, Gs^Fms, Hh, Gg, Gll, Gll, Gll, Gll, Gg, Gg, Gg, Re, Re, Ce, Gg, Gg, Rp, Gg, Gg, Gg, Gs^Fms, Gll, Gll, Gs^Fms, Gs^Fms, Gs^Fms, Gll, Gg, Gg, Gg, Gg
Gg, Gg, Gll, Gll, Gs^Fms, Gs^Fms, Gs^Fms, Gs^Fms, Hh, Hh, Hh, Gg, Gg, Gg^Efm, Gg, Gg, Gg, Gg, Gg, Gg, Hh, Gll, Hh^Vhh, Hh, Mm, Hh, Mm, Mm, Mm, Gg, Gg, Gg, Gg, Gg^Efm, Gg, Gg, Gg, Gg, Gg, Rp, Gg, Gg, Gg, Gs^Fms, Gs^Fms, Gs^Fms, Gs^Fms, Gs^Fms, Gs^Fms, Gs^Fms, Ww, Gg, Gg
Gg, Gg^Efm, Gll, Gs^Fms, Gs^Fms, Gs^Fms, Gs^Fms, Hh, Hh, Hh, Gg, Gg, Rp, Gg, Rp, Gg, Gg, Gg, Hh, Hh, Hh, Hh, Mm, Hh, Mm, Mm, Xu, Xu, Xu, Ur, Ur, Gg, Gg, Gg, Gg, Gg, Gg^Efm, Gg, Gg, Rp, Gg, Gg, Gg, Gll, Gll, Gs^Fms, Gs^Fms, Gs^Fms, Gs^Fms, Gs^Fms, Ww, Gg, Gg
Gg, Gg, Gg, Gs^Fms, Gll, Gs^Fms, Gg, Hh, Gg, Gg, Rp, Rp, Gg, Rp, Gs^Fms, Gs^Fms, Gg, Hh, Hh, Mm, Mm, Hh, Mm, Mm, Mm, Mm, Xu, Uue, Uue, Uu, Ur, Ur, Ur, Gg, Gg, Gg, Gg, Gg, Gg, Rp, Rp, Gg^Efm, Gg, Gg^Efm, Gll, Gs^Fms, Gs^Fms, Gs^Fms, Wwf, Ww^Ewl, Ww, Gg, Gg
Gg, Gg, Gg, Gll, Gll, Gll, Gll, Gg, Rp, Rp, Gg, Gg, Gg, Gs^Fms, Gs^Fms, Gg, Hh, Hh^Vhh, Mm, Mm, Mm, Mm, Mm, Mm, Mm, Xu, Uu, Xu, Ur, Ur, Ur, Uu, Xu, Mm, Mm, Hh, Hh, Gg, Gll, Gll, Gll, Rp, Rp, Gll, Gs^Fms, Gs^Fms, Gs^Fms, Gs^Fms, Gs^Fms, Wwf, Ww, Ww^Ewl, Gg
Gg, Gg, Gg, Gll, Gg, Gg, Gg, Gg, Rp, Gg^Efm, Gg, Gg, Gg, Gs^Fms, Gs^Fms, Gg, Hh, Hh, Mm, Mm, Mm, Mm, Mm, Mm^Xm, Xu, Xu, Xu, Ur, Uu, Uu, Ur, Uu, Uue, Xu, Mm, Hh, Hh, Gs^Fms, Gs^Fms, Gll, Gll, Gll, Rp, Gll, Hh, Gs^Fms, Gs^Fms, Gs^Fms, Gs^Fms, Gs^Fms, Gll, Gg, Gg
Gg, Gg, Gg, Gg, Gg^Efm, Gg, Gg, Rp, Gg, Gg, Gg, Gg, Gs^Fms, Gs^Fms, Gg, Hh, Mm, Hh, Mm, Mm, Mm^Xm, Mm, Mm^Xm, Mm^Xm, Xu, Uu, Uue, Rb, Rb, Rb, Ur, Xu, Xu, Xu, Mm, Mm, Hh, Hh, Gs^Fms, Gs^Fms, Gll, Gg, Gg, Rp, Hh, Gs^Fms, Gs^Fms, Gg^Fet, Gs^Fms, Gs^Fms, Gs^Fds, Gg, Gg
Gg, Gg^Efm, Gg, Gg, Gg, Gg, Ce, Gg, Gg^Efm, Gg, Gg, Gs^Fms, Gg, Gg, Mm, Mm, Xu, Mm, Xu, Mm, Xu, Mm^Xm, Mm^Xm, Mm^Xm, Xu, Uue, Cud, Rb, Rb, Uu, Xu, Tb^Tf, Xu, Mm, Mm, Hh, Hh, Gs^Fms, Gs^Fms, Gs^Fms, Gg, Gg^Efm, Gg, Rp, Rp, Hh, Hh, Gs^Fms, Hh, Gs^Fds, Gs^Fds, Gg, Gg
Gg, Gg, Gg, Gg, Gg, Gg, Ce, Re, Re, Gg, Gg, Gg, Gg, Gg, Mm, Xu, Uu, Xu, Tb^Tf, Xu, Uue, Xu, Xu, Xu, Rb, Uu^Vud, Uue, Cud, Cud, Rb, Uue, Xu, Mm, Mm, Mm, Mm, Hh^Vhh, Gs^Fms, Hh, Gs^Fms, Gg, Gg, Gg, Gg, Gg, Gg, Hh, Gg, Hh, Gs^Fds, Gg, Gg, Gg
Gg, Gg, Gg, Gg, Ce, Ket, Re, Re, Re, Gg, Gg^Efm, Gg, Gg^Efm, Gg, Ur, Xu, Uue, Xu, Ur, Xu, Uue, Uu, Rb, Tb^Tf, Uu, Rb, Uue, Rb, Rb, Uu, Xu, Xu, Mm^Xm, Mm, Mm, Mm, Hh, Hh, Hh, Gg, Gg, Gg, Gg^Edt, Gg^Efm, Gg, Gg, Hh, Hh, Hh, Gs^Fds, Gg, Gg, Gg
Gg, Gg, Gg, Re, Re, Re, Ce, Ce, Ce, Re, Gg, Gg, Gg, Gg, Ur, Uu, Ur, Ur, Rb, Uue, Rb, Cud, Uu, Rb, Uu^Vud, Uu^Vud, Uu^Vud, Rb, Tb^Tf, Xu, Mm^Xm, Mm^Xm, Mm, Mm, Mm, Hh, Hh, Hh, Gs^Fms, Gll, Gg^Edt, Gg, Rp, Rp, Rp, Gg^Edt, Gg^Edt, Hh, Gg^Gvs, Gg^Gvs, Gg, Gg, Gg
Gg, Gg, Gg, Re^Vct, Re^Vct, Re, Ce, 3 Ke, Ce, Re, Gg, Gg, Gg, Gg, Ur, Ur, Ur, Uu, Ur, Rb, Rb, Cud, Rb, Uu, Uu^Vud, Uu, Uu^Vud, Uu, Rb, Xu, Mm^Xm, Mm^Xm, Mm, Mm, Mm, Hh, Hh, Hh, Gs^Fms, Gll, Gg, Gs^Vc, Gg^Edt, Gg^Edt, Gg, Gs^Vc, Gg^Edt, Gg, Gg^Gvs, Gg^Wm, Gg^Gvs, Gg, Gg
Gg, Gg, Gg, Re, Re, Re, Re^Vct, Ce, Re, Re, Gg, Gg, Gg, Gg, Ur, Uu, Uu, Ur, Uu, Ur, Rb, Cud, Uu^Vud, Rb, Uu, Uu^Vud, Uu, Rb, Uu^Vud, Xu, Xu, Mm^Xm, Mm^Xm, Mm, Mm, Mm, Hh, Hh, Gs^Fms, Gs^Fms, Gg, Gg, Gg, Gg, Gg^Gvs, Gg^Edt, Gg, Gg, Gg^Gvs, Gg^Gvs, Gg, Gg, Gg
Gg, Gg, Gg^Efm, Gg, Gg, Ket, Ce, Re, Gg, Gg, Gg, Gg^Efm, Gg, Gg, Mm, Xu, Uu, Xu, Uu, Xu, Uue, Uue, Xu, Rb, Tb^Tf, Rb, Rb, Uu, Cud, Uue, Uue, Xu, Mm, Mm, Mm, Mm, Hh^Vhh, Gll, Gs^Fms, Gs^Fms, Gg, Gg^Gvs, Gg^Gvs, Gg^Gvs, Gg^Gvs, Gg, Gg, Gg, Gll, Gll, Gll, Gg, Gg
Gg, Gg, Gg, Gg, Gg, Re, Gg, Re, Gg, Gg, Gg, Gg, Gg, Gg, Mm, Xu, Xu, Xu, Xu, Xu, Xu, Xu, Mm^Xm, Xu, Xu, Uue, Cud, Cud, Rb, Uu, Xu, Xu, Xu, Mm, Hh, Hh, Hh, Gll, Gll, Gs^Fms, Gg, Gg^Gvs, Gg^Gvs, Gg^Gvs, Gg^Gvs, Gg^Gvs, Hh, Gs^Fms, Gs^Fms, Gs^Fms, Gs^Fms, Gg, Gg
Gg, Gg, Gg, Gg, Gg, Gg, Rp, Gg^Efm, Gg, Gg, Gg^Efm, Gg, Gg, Gg, Gll, Mm, Mm, Mm, Mm, Mm, Mm^Xm, Mm^Xm, Mm^Xm, Mm^Xm, Xu, Uue, Rb, Rb, Uue, Rb, Ur, Uu, Xu, Mm, Mm, Hh, Hh, Hh, Gg, Gll, Gg, Gg, Gg, Gg, Hh, Hh, Gg, Gs^Fms, Gs^Fms, Gs^Fms, Gs^Fms, Gg, Gg
Gg, Gg, Gg, Gg, Gg, Gg, Rp, Gg, Gg, Gg, Gg, Gg, Gs^Fms, Gs^Fms, Gll, Mm, Hh, Hh, Mm, Mm, Mm, Mm, Mm, Mm^Xm, Xu, Uu, Xu, Uu, Rb, Uue, Ur, Xu, Uu, Xu, Mm, Mm, Hh, Hh, Gg, Gg, Gg, Gg, Gg, Gg, Hh, Hh, Hh, Hh, Gs^Fms, Gs^Fms, Gs^Fms, Gll, Gg
Gg, Gg, Gg^Efm, Gg, Gg, Gg, Gg^Efm, Rp, Rp, Gg, Gg, Gg, Gs^Fms, Gll, Gg, Hh, Hh, Hh, Hh, Mm, Mm, Mm, Mm, Mm^Xm, Mm, Xu, Tb^Tf, Ur, Ur, Rb, Ur, Uu, Xu, Xu, Mm, Hh, Hh, Gg, Gg, Gg, Gg^Efm, Gg, Rp, Gg, Hh, Hh, Gll, Gs^Fms, Gg^Fet, Gs^Fms, Gs^Fms, Gll, Gg
Gg, Gg, Gg, Gg, Gg, Gg, Gg, Gg, Rp, Gg^Efm, Gg, Gg, Gg, Gs^Fms, Gs^Fms, Gg, Gg, Hh^Vhh, Hh, Mm, Mm, Mm, Mm, Mm, Mm, Xu, Xu, Xu, Uu, Ur, Ur, Uu, Ur, Mm, Gg, Hh, Gg, Gg, Gg, Gg, Gg, Rp, Gg^Efm, Gg, Gll, Gll, Gs^Fms, Gs^Fms, Gs^Fms, Gs^Fms, Gll, Gll, Gg
Gg, Gg, Gg^Efm, Gg, Gs^Fms, Gg, Gg, Gg, Gg, Rp, Rp, Gll, Gs^Fms, Gs^Fms, Gs^Fms, Gg, Gg, Hh, Hh, Hh, Gg, Mm, Hh, Hh, Hh, Mm, Xu, Uu, Xu, Uu, Ur, Ur, Gg, Gg, Gg, Gg, Gg, Gg, Gg, Gg, Gg, Rp, Gg, Gg, Gll, Gs^Fms, Gs^Fms, Gs^Fms, Gs^Fms, Gs^Fms, Gll, Gg, Gg
Gg, Gg, Gg, Gg, Gll, Gs^Fms, Gs^Fms, Hh, Hh, Hh, Gg, Rp, Gll, Gs^Fms, Gll, Gg, Gg, Gg^Efm, Gg, Gg, Gg, Hh, Hh^Vhh, Hh, Mm, Mm, Mm, Xu, Mm, Ur, Gg, Gg, Gg^Efm, Gg, Gg, Gg, Gg, Gg^Efm, Gg, Gg, Rp, Rp, Gg, Gll, Gll, Gs^Fms, Gll, Gs^Fms, Gll, Gg, Gg, Gg, Gg
Gg, Gg, Gg, Gg^Efm, Gll, Gs^Fms, Gs^Fms, Gs^Fms, Hh, Hh, Gg, Gg, Gg, Gll, Gg, Gg, Gg, Gg, Gg, Gg^Efm, Gg, Gs^Fms, Hh, Hh, Hh, Hh, Gg, Mm, Gg, Gg, Gg, Gg, Gg, Gg, Gg, Gg, Gg, Gg, Gg, Gg, Rp, Gg, Gg, Gll, Gll, Gll, Gg, Gll, Gg, Gg, Gg, Gg, Gg
Gg, Gg, Gg, Gll, Gg, Gs^Fms, Gs^Fms, Gs^Fms, Hh, Hh, Gll, Gg^Efm, Gg, Gg, Gg^Gvs, Gg^Gvs, Gg^Edt, Gg^Edt, Gg^Edt, Gg, Gll, Gs^Fms, Gs^Fms, Hh, Gs^Fms, Hh, Gg, Gg, Gg, Gg, Gg, Gg, Gg^Efm, Gg, Re, Re, Ket, Gg, Gg, Gg, Rp, Gg, Gg^Efm, Gg, Gg, Gg, Wwf, Wwf, Wwf, Gg, Gg, Gg, Gg
Gg, Gg, Gs^Fms, Gs^Fms, Gs^Fms, Gs^Fms, Gg^Fet, Gs^Fms, Gs^Fms, Hh, Gs^Fms, Gll, Gll, Gg^Gvs, Gg^Gvs, Gg, Gg, Gs^Vc, Gg^Edt, Gg, Gll, Gs^Fms, Gg, Gs^Fms, Gs^Fms, Gll, Gll, Gg, Gg, Gg, Gg, Re, Re, Re, Ce, Re, Re^Vct, Re, Gg, Rp, Gg, Gg, Gg, Gg, Wwf, Ww^Ewl, Wot, Ww, Ww, Wwf, Gg, Gg, Gg
Gg, Gll, Gs^Fms, Gs^Fms, Gs^Fms, Gs^Fms, Gs^Fms, Gs^Fms, Gs^Fms, Gs^Fms, Gs^Fms, Gs^Fms, Gg, Gg^Gvs, Gg^Wm, Gg^Gvs, Rp, Rp, Gg, Gg, Gg, Gll, Rp, Gg, Gll, Gs^Fms, Gll, Gg, Gg^Efm, Gg, Gg, Ce, Re, Ce, 2 Ke, Ce, Re, Ce, Re, Gg, Gg, Gg, Ww^Ewl, Gg, Wwf, Wot, Wot, Wot, Ww, Ww^Ewl, Gg, Gg, Gg
Gg, Wwf, Ww, Gs^Fms, Wwf, Gs^Fms, Gs^Fms, Gs^Fms, Gs^Fms, Gg^Fet, Gs^Fms, Gs^Fms, Gg, Gg^Gvs, Gg, Rp, Gg^Edt, Hh, Hh, Gg, Hh, Gg, Gg, Rp, Rp, Rp, Rp, Rp, Rp, Gg, Gg, Ket, Re^Vct, Ce, Ce, Ce, Re, Re, Gg, Gg, Gg, Gg, Wwf, Wwf, Ww, Wot, Ww, Wot, Wot, Wwf, Ww^Ewl, Gg, Gg
Gg, Wwf, Ww^Ewl, Wwf, Ww, Wwf, Gs^Fms, Gs^Fms, Gll, Gs^Fms, Gll, Gg, Gg, Gg^Edt, Gg^Edt, Gs^Vc, Gll, Hh, Gs^Fms, Gs^Fms, Hh, Hh, Hh, Gg, Gll, Gg^Efm, Gg, Gg, Gg, Gg^Efm, Re, Ce, Ce, Re^Vct, Re, Re, Gg, Gg, Gg, Gg, Gg, Wwf, Ww^Ewl, Ww, Ww, Ww, Ww, Ww, Ww, Ww, Wwf, Wwf, Gg
Gg, Gg, Ww, Ww, Ww, Wwf, Wwf, Gll, Ww, Gll, Gg, Gg, Gg^Efm, Gg, Gg, Gll, Gs^Fms, Gs^Fms, Gs^Fms, Gs^Fms, Gs^Fms, Hh, Gs^Fms, Gll, Gs^Fms, Gll, Gg, Gg, Gg, Gg, Gg, Re, Re, Re, Gg, Gg^Efm, Gg, Gg, Gg^Efm, Gg, Gg, Wwf, Wwf, Wwf, Wwf, Ww, Wwf, Ww^Ewl, Wwf, Wwf, Gg, Gg, Gg
Gg, Gg, Gg, Ww^Ewl, Ww, Ww^Ewl, Ww, Ww^Ewl, Gg, Gg, Gg, Gg, Gg, Gg, Gg^Efm, Gg, Gll, Gs^Fms, Gs^Fms, Gs^Fms, Gll, Gs^Fms, Gg, Gs^Fms, Gs^Fms, Gs^Fms, Gg, Gg, Gg, Gg^Efm, Gg, Gg, Gg, Gg, Gg, Gg, Gg, Gg, Gg, Gg, Gg, Gg, Gg, Wwf, Gg, Ww^Ewl, Gg, Gg, Gg, Gg, Gg, Gg, Gg
Gg, Gg, Gg, Gg, Gg, Gg, Gg, Gg, Gg, Gg, Gg, Gg, Gg, Gg, Gg, Gg, Gg, Gg, Gg, Gg, Gg, Gg, Gg, Gg, Gg, Gg, Gg, Gg, Gg, Gg, Gg, Gg, Gg, Gg, Gg, Gg, Gg, Gg, Gg, Gg, Gg, Gg, Gg, Gg, Gg, Gg, Gg, Gg, Gg, Gg, Gg, Gg, Gg
