Rb, Rb, Rb, Rb, Rb, Gd, Rb, Rb, Rb, Rb, Rb, Gd, Rb, Gd, Rb, Rb, Rb, Gd, Gd, Gd, Ss, Ss, Ss, Gg, Ss, Gg, Ss
Rb, Rp, Rb, Rb, Chs, Chs, Rb, Ww^Wkf, Ww^Wkf, Rp, Ww^Wkf, Ss, Ss^Vhs, Ss^Vhs, Ce, Rb, Rr, Rr, Gd, Rb, Rp, Ww^Wkf, Ww^Bw/, Chs, Chs, Ss, Ss
Rb, Rp, Rb, Ss^Emf, Ww^Wkf, Ww^Wkf, Ww^Wkf, Rp, Chs, Ww^Ewl, Ss^Emf, Chs, Ww^Bw/, Ce, 1 Ke, Ce, Rr, Rr, Gll^Fmw, Gll^Fmw, Gll^Fmw, Ss^Emf, Rb, Ww^Wkf, Chs, Ss^Emf, Ss
Gd, Rb, Rp, Ss, Ss, Ww^Ewl, Ss, Ss^Emf, Ss, Ww^Wkf, Ss^Bw/, Ss^Bw/, Ww^Bw/, Ce, Ce, Ce, Rr, Rr, Gd, Gll^Fmw, Gll^Fmw, Gll^Fmw, Gll^Fmw, Ss, Ww^Wkf, Ww^Wkf, Ss
Gd, Gd, Gd^Fetd, Gll^Fmw, Rb, Ww^Wkf, Ss, Re^Vct, Rb, Ww^Bw/, Ww^Bw/, Ww^Bw/, Ss, Rb, Ww^Wkf, Rr, Rb, Gd, Hhd, Hhd, Gll^Fmw, Gll^Fmw, Gll^Fmw, Gll^Fmw, Ss, Ww^Ewl, Ss
Gll^Fmw, Gll^Fmw, Gll^Fmw, Gd, Gll^Fmw, Gll^Fmw, Gd, Rb, Rp, Re^Vct, Rp, Ww^Wkf, Ww^Ewl, Ss, Ww^Wkf, Ss, Ss, Rb, Hhd, Hhd, Gll^Fmw, Gll^Feth, Gll^Fmw, Gll^Fmw, Gd^Fetd, Ww^Wkf, Ss
Gll^Fmw, Gd^Fetd, Gll^Fmw, Gll^Fmw, Gll^Fmw, Gll^Fmw, Hhd, Hhd, Hhd, Rb, Rb, Ww^Wkf, Ss^Emf, Ss, Ww^Ewl, Ss^Emf, Ss, Rb, Hhd, Hhd^Dr, Gll^Fmw, Gll^Fmw, Gll^Fmw, Gll^Fmw, Gll^Fmw, Gd^Fetd, Gd
Gll^Fmw, Gll^Fmw, Gll^Fmw, Gll^Fmw, Gs^Vl, Gll^Fmw, Hhd, Hhd^Dr, Hhd^Dr, Hhd, Rb, Ss, Ss, Ss^Emf, Ww^Ewl, Ww^Wkf, Rp, Rb, Gd, Hhd, Hhd, Gll^Fmw, Gll^Fmw, Gs^Vl, Gll^Fmw, Gll^Fmw, Gd
Gll^Fmw, Gll^Fmw, Gll^Fmw, Gll^Fmw, Gll^Fmw, Gll^Fmw, Hhd, Hhd, Hhd^Vhhr, Hhd, Rb, Ww^Wkf, Rp, Ww^Wkf, Rb, Rb, Hhd, Gd, Hhd^Dr, Hhd^Dr, Hhd, Gll^Fmw, Gll^Fmw, Gll^Fmw, Ss^Emf, Gd, Gd
Gg, Gll^Fmw, Gll^Feth, Gll^Fmw, Hhd, Hhd, Hhd, Hhd^Dr, Hhd, Hhd, Ww^Wkf, Rp, Rb, Hhd, Gd, Gd^Edb, Gd, Hhd, Hhd, Hhd^Vhhr, Hhd^Dr, Hhd, Gd, Gll^Fmw, Ss, Gd, Gd
Gll^Fmw, Gll^Fmw, Gll^Fmw, Gll^Fmw, Hhd, Hhd^Dr, Hhd, Rb, Ss, Ss, Ss, Ww^Wkf, Hhd, Re^Vct, Hhd, Gd, Rb, Hhd, Rb, Hhd, Rb, Gd, Rb, Rb, Ww^Wkf, Rp, Rb
Gll^Fmw, Gll^Fmw, Gll^Fmw, Gd^Fetd, Hhd, Hhd, Hhd, Rb, Ww^Ewl, Ss^Emf, Ww^Wkf, Ss, Rb, Gd, Gd, Rb, Rb, Ww^Wkf, Ss^Emf, Ww^Wkf, Re^Vct, Rp, Rb, Re^Vct, Ss^Emf, Ww^Ewl, Rb
Gd, Gll^Fmw, Gll^Fmw, Hhd, Hhd, Hhd, Rb, Ww^Wkf, Ss^Emf, Ss, Ww^Bw/, Ss^Bw/, Hhd, Rb, Hhd, Rb, Ss^Bw\r, Ss, Ww^Ewl, Ww^Wkf, Ww^Wkf, Ss, Ss^Bw|, Ss^Bw|, Ww^Wkf, Ss^Emf, Rb
Gd, Gll^Fmw, Rr, Rr, Rp, Rb, Chs, Ss^Emf, Rb, Ww^Bw/, Hhd, Hhd, Hhd^Dr, Hhd^Dr, Hhd^Dr, Hhd, Hhd, Ww^Bw\r, Rb, Ss, Ss^Emf, Ww^Ewl, Ww^Bw|, Ww^Bw|, Ww^Wkf, Chs, Rb
Gd, Rr, Rr, Rr, Rb, Rb, Ww^Bw/r, Ww^Bw/r, Re^Vct, Rb, Hhd^Dr, Hhd, Hhd^Dr, Hhd^Vhhr, Hhd, Hhd, Hhd^Dr, Hhd, Hhd^Dr, Rb, Rp, Chs, Ww^Bw|, Ss^Bw|, Ss, Ww^Wkf, Gd
Gd, Rr, Ce, Ce, Ce, Ss^Bw/r, Ww^Bw/, Ss^Bw/, Rb, Rb, Rb, Hhd, Gll^Fmw, Hhd, Gll^Fmw, Hhd, Hhd, Hhd, Hhd, Hhd^Dr, Rr, Rb, Ce, Ce, Ce, Ss, Gd
Rb, Rb, Ce, 3 Ke, Ce, Ss^Bw/, Ww^Ewl, Ss, Ss, Re^Vct, Rb, Gll^Fmw, Gll^Feth, Gll^Fmw, Gll^Fmw, Gll^Fmw, Gll^Fmw, Gll^Fmw, Gll^Fmw, Rr, Rr, Rr, Ce, 2 Ke, Ce, Rb, Gd
Rb, Ss^Vhs, Ss^Vhs, Ce, Rb, Ss^Emf, Ss, Chs, Ss, Rb, Gll^Fmw, Gll^Fmw, Gll^Fmw, Gs^Vl, Gll^Fmw, Gll^Fmw, Gll^Fmw, Gd^Fetd, Gll^Fmw, Gd, Rr, Rr, Rr, Ce, Gd^Vo, Gd^Vo, Gd
Rb, Rb, Gd, Rb, Gd, Gd, Gd, Rb, Gd, Gd, Gd, Gll^Fmw, Gll^Fmw, Gll^Fmw, Gg, Gll^Fmw, Gg, Gll^Fmw, Gll^Fmw, Gll^Fmw, Gd, Gd, Gd, Gd, Gd, Gd, Gd
