_off^_usr, _off^_usr, _off^_usr, _off^_usr, _off^_usr, _off^_usr, _off^_usr, _off^_usr, _off^_usr, _off^_usr, _off^_usr, _off^_usr, _off^_usr, _off^_usr, _off^_usr, _off^_usr, _off^_usr, _off^_usr, _off^_usr, _off^_usr, _off^_usr, _off^_usr, Ms^Xm, _off^_usr, _off^_usr, _off^_usr, _off^_usr, _off^_usr, _off^_usr, _off^_usr, _off^_usr, _off^_usr, _off^_usr, _off^_usr, _off^_usr, _off^_usr, _off^_usr, _off^_usr, _off^_usr, _off^_usr, _off^_usr, _off^_usr, _off^_usr, _off^_usr
_off^_usr, _off^_usr, _off^_usr, _off^_usr, _off^_usr, _off^_usr, _off^_usr, _off^_usr, _off^_usr, _off^_usr, _off^_usr, _off^_usr, _off^_usr, _off^_usr, _off^_usr, _off^_usr, _off^_usr, _off^_usr, _off^_usr, _off^_usr, Ms^Xm, Ms^Xm, Ms, Ms^Xm, Ms^Xm, _off^_usr, _off^_usr, _off^_usr, _off^_usr, _off^_usr, _off^_usr, _off^_usr, _off^_usr, _off^_usr, _off^_usr, _off^_usr, _off^_usr, _off^_usr, _off^_usr, _off^_usr, _off^_usr, _off^_usr, _off^_usr, _off^_usr
_off^_usr, _off^_usr, _off^_usr, _off^_usr, _off^_usr, _off^_usr, _off^_usr, _off^_usr, _off^_usr, _off^_usr, _off^_usr, _off^_usr, _off^_usr, _off^_usr, _off^_usr, _off^_usr, _off^_usr, _off^_usr, Ms^Xm, Ms^Xm, Ms, Ms, Aa, Ms, Ms, Ms^Xm, Ms^Xm, _off^_usr, _off^_usr, _off^_usr, _off^_usr, _off^_usr, _off^_usr, _off^_usr, _off^_usr, _off^_usr, _off^_usr, _off^_usr, _off^_usr, _off^_usr, _off^_usr, _off^_usr, _off^_usr, _off^_usr
_off^_usr, _off^_usr, _off^_usr, _off^_usr, _off^_usr, _off^_usr, _off^_usr, _off^_usr, _off^_usr, _off^_usr, _off^_usr, _off^_usr, _off^_usr, _off^_usr, _off^_usr, _off^_usr, Ms^Xm, Ms^Xm, Ms, Ms, Aa^Edt, Cha, Cha, Cha, Aa^Edt, Ms, Ms, Ms^Xm, Ms^Xm, _off^_usr, _off^_usr, _off^_usr, _off^_usr, _off^_usr, _off^_usr, _off^_usr, _off^_usr, _off^_usr, _off^_usr, _off^_usr, _off^_usr, _off^_usr, _off^_usr, _off^_usr
_off^_usr, _off^_usr, _off^_usr, _off^_usr, _off^_usr, _off^_usr, _off^_usr, _off^_usr, _off^_usr, _off^_usr, _off^_usr, _off^_usr, _off^_usr, _off^_usr, Ms^Xm, Ms^Xm, Ms, Ms, Aa^Edt, Rrc^Vhca, Aa^Edt, Aa, Cha, Aa, Aa^Edt, Rrc^Vhca, Aa^Edt, Ms, Ms, Ms^Xm, Ms^Xm, _off^_usr, _off^_usr, _off^_usr, _off^_usr, _off^_usr, _off^_usr, _off^_usr, _off^_usr, _off^_usr, _off^_usr, _off^_usr, _off^_usr, _off^_usr
_off^_usr, _off^_usr, _off^_usr, _off^_usr, _off^_usr, _off^_usr, _off^_usr, _off^_usr, _off^_usr, _off^_usr, _off^_usr, _off^_usr, Ms^Xm, Ms^Xm, Ms, Ms, Aa^Edt, Rrc^Vhca, Aa^Edt, Aa^Edt, Aa, Cha, 1 Kha, Cha, Aa, Aa^Edt, Aa^Edt, Rrc^Vhca, Aa^Edt, Ms, Ms, Ms^Xm, Ms^Xm, _off^_usr, _off^_usr, _off^_usr, _off^_usr, _off^_usr, _off^_usr, _off^_usr, _off^_usr, _off^_usr, _off^_usr, _off^_usr
_off^_usr, _off^_usr, _off^_usr, _off^_usr, _off^_usr, _off^_usr, _off^_usr, _off^_usr, _off^_usr, _off^_usr, Ms^Xm, Ms^Xm, Ms, Ms, Aa^Fpa, Aa^Feta, Aa^Fpa, Aa^Edt, Aa, Cha, Cha, Cha, Cha, Cha, Cha, Cha, Aa, Aa^Edt, Aa^Fpa, Aa, Aa^Fpa, Ms, Ms, Ms^Xm, Ms^Xm, _off^_usr, _off^_usr, _off^_usr, _off^_usr, _off^_usr, _off^_usr, _off^_usr, _off^_usr, _off^_usr
_off^_usr, _off^_usr, _off^_usr, _off^_usr, _off^_usr, _off^_usr, _off^_usr, _off^_usr, Ms^Xm, Ms^Xm, Ms, Ms, Aa^Fpa, Aa^Fpa, Aa^Fpa, Aa^Fpa, Aa^Fpa, Aa^Fpa, Aa, Aa, Cha, Aa, Aa^Esa, Aa, Cha, Aa, Aa, Aa^Fpa, Aa^Fpa, Aa^Fpa, Aa^Fpa, Aa^Fpa, Aa, Ms, Ms, Ms^Xm, Ms^Xm, _off^_usr, _off^_usr, _off^_usr, _off^_usr, _off^_usr, _off^_usr, _off^_usr
_off^_usr, _off^_usr, _off^_usr, _off^_usr, _off^_usr, _off^_usr, Ms^Xm, Ms^Xm, Ms, Ms, Aa^Fpa, Aa^Fpa, Aa^Fpa, Aa^Fpa, Aa^Fpa, Aa^Fpa, Aa^Fpa, Aa^Fpa, Rra, Aa, Aa, Aa, Aa, Aa, Aa, Rra, Aa, Aa^Fpa, Aa^Fpa, Aa^Fpa, Aa^Fpa, Aa^Fpa, Aa^Fpa, Aa, Aa, Ms, Ms, Ms^Xm, Ms^Xm, _off^_usr, _off^_usr, _off^_usr, _off^_usr, _off^_usr
_off^_usr, _off^_usr, _off^_usr, _off^_usr, Ms^Xm, Ms^Xm, Ms, Ms, Aa, Aa, Aa^Fpa, Aa^Fpa, Aa^Fpa, Aa^Fpa, Aa^Fpa, Aa^Fpa, Rra, Rra, Aa, Aa, Ha, Ha, Ha^Esa, Aa^Esa, Aa, Rra, Rra, Aa, Aa^Esa, Aa^Fpa, Aa^Fpa, Aa^Fpa, Aa^Fpa, Aa, Aa^Esa, Aa, Aa, Ms, Ms, Ms^Xm, Ms^Xm, _off^_usr, _off^_usr, _off^_usr
_off^_usr, _off^_usr, _off^_usr, Ms^Xm, Ms, Ms, Aa, Aa^Esa, Aa, Aa^Fpa, Aa^Fpa, Aa^Fpa, Aa^Fpa, Aa^Fpa, Aa, Aa, Rra, Aa, Ha, Ha^Esa, Ha, Ha, Ha, Ha, Ha, Aa^Esa, Aa, Rra, Rra, Aa, Aa, Aa^Fpa, Aa, Aa, Aa, Aa^Esa, Aa, Aa, Aa^Esa, Ms, Ms, Ms^Xm, _off^_usr, _off^_usr
_off^_usr, _off^_usr, _off^_usr, Ms^Xm, Ms, Ai, Ai, Aa, Aa, Aa^Fpa, Aa^Fpa, Aa^Fpa, Aa, Aa, Rra, Rra, Ha, Ha, Ha^Esa, Ha, Ms, Ms, Ms, Ha, Ha, Ha, Ha, Aa, Rra, Aa^Feta, Aa, Aa, Ai, Ai, Ai, Aa, Aa, Aa, Ai, Ai, Ms, Ms^Xm, _off^_usr, _off^_usr
_off^_usr, _off^_usr, _off^_usr, Ms^Xm, Ms, Aa, Aa^Esa, Ai, Ai, Aa, Aa, Aa, Aa, Aa^Esa, Ha, Ha, Ha, Ha, Ms, Ms, Ms, Ms, Ms, Ms, Ms, Ha, Ha, Ha, Rra, Aa, Aa^Esa, Ai, Aa, Aa, Aa, Ai, Ai, Ai, Aa^Esa, Aa, Ms, Ms^Xm, _off^_usr, _off^_usr
_off^_usr, _off^_usr, _off^_usr, Ms^Xm, Ms, Aa, Aa, Aa, Ai, Aa^Vaa, Aa^Vaa, Aa^Esa, Aa, Ha^Esa, Ha, Ha, Ms, Ms, Ms, Ms, Ms, Ms, Ms, Ms, Ms, Ms, Ms, Ha, Rra, Aa, Aa, Ai, Aa, Aa^Esa, Aa^Vaa, Aa^Vaa, Aa, Aa, Aa, Aa, Ms, Ms^Xm, _off^_usr, _off^_usr
_off^_usr, _off^_usr, _off^_usr, Ms^Xm, Ms, Aa, Aa^Esa, Aa, Ai, Aa, Aa, Aa, Aa, Ha, Ha, Ms, Ms, Ms, Ms, Ms, Ms, Ms, Ha^Esa, Ha, Ha, Ms, Ai, Ai, Ai, Aa^Esa, Ai, Ai, Aa^Esa, Aa, Aa, Aa, Aa^Fpa, Aa^Fpa, Aa^Fpa, Aa^Esa, Ms, Ms^Xm, _off^_usr, _off^_usr
_off^_usr, _off^_usr, _off^_usr, Ms^Xm, Ms, Aa, Aa, Aa, Ai, Aa^Esa, Aa, Aa^Esa, Ai, Ha, Ha^Esa, Ha, Ha, Ms, Ms, Ms, Ms, Ha, Ha^Vhha, Ha, Ai, Ai, Ha, Ha^Esa, Rra, Ai, Ha, Ha, Ha, Aa, Aa, Aa, Aa^Fpa, Aa^Fpa, Aa^Fpa, Aa, Ms, Ms^Xm, _off^_usr, _off^_usr
_off^_usr, _off^_usr, _off^_usr, Ms^Xm, Ms, Aa^Esa, Aa, Aa, Aa, Ai, Ai, Ai, Aa, Ai, Ai, Ha, Ha, Ha, Ha^Edb, Ms, Ha, Ha, Ha, Ai, Rra, Ha, Rra, Rra, Ha, Ha, Ha, Ha^Esa, Ha, Ha, Aa^Esa, Aa, Aa^Fpa, Aa^Fpa, Aa^Fpa, Aa^Fpa, Ms, Ms^Xm, _off^_usr, _off^_usr
_off^_usr, _off^_usr, _off^_usr, Ms^Xm, Ms, Aa, Aa^Fpa, Aa^Fpa, Aa^Fpa, Aa, Aa, Aa^Esa, Aa, Aa, Ai, Rra, Rra, Ha, Ha, Ha, Ha, Ha^Edb, Ai, Ai, Ha, Rra, Ha, Ha, Ha, Ha, Ms, Ms, Ha^Esa, Ha, Rra, Aa, Aa^Fpa, Aa^Fpa, Aa^Fpa, Aa^Fpa, Ms, Ms^Xm, _off^_usr, _off^_usr
_off^_usr, _off^_usr, _off^_usr, Ms^Xm, Ms, Aa, Aa^Fpa, Aa^Fpa, Aa^Fpa, Aa, Aa^Feta, Aa, Rra, Rra, Ai, Ha, Ha, Rra, Rra, Ha^Edb, Ai, Ha^Edb, Ai, Ai, Ai, Ha^Edb, Ha, Ha, Ms, Ms, Ms, Ms, Ha, Ha, Rra, Aa, Aa^Fpa, Aa^Fpa, Aa^Fpa, Aa^Fpa, Ms, Ms^Xm, _off^_usr, _off^_usr
_off^_usr, _off^_usr, _off^_usr, Ms^Xm, Ms, Aa^Fpa, Aa^Fpa, Aa^Fpa, Aa^Fpa, Aa, Rra, Rra, Ha^Esa, Ha, Ms, Ai, Ai, Ha^Edb, Rra, Ha, Ai, Ai, Ai, Ai, Ha^Edb, Ha, Ha^Edb, Ms, Ms, Ms, Ms, Ms, Ha, Ha, Rra, Aa^Esa, Aa^Fpa, Aa^Fpa, Aa^Fpa, Aa^Fpa, Ms, Ms^Xm, _off^_usr, _off^_usr
_off^_usr, _off^_usr, _off^_usr, Ms^Xm, Ms, Aa^Fpa, Aa^Fpa, Aa^Fpa, Aa^Fpa, Aa^Esa, Rra, Aa, Ha^Esa, Ha, Ms, Ms, Ha, Ai, Ai, Ai, Ai, Ai, Ai, Ai, Ai, Ha, Ha^Edb, Ms, Ms, Ms, Ms, Ms, Ha, Ha^Esa, Aa, Rra, Aa^Fpa, Aa^Fpa, Aa^Fpa, Aa^Fpa, Ms, Ms^Xm, _off^_usr, _off^_usr
_off^_usr, _off^_usr, _off^_usr, Ms^Xm, Ms, Aa, Aa^Fpa, Aa^Fpa, Aa^Fpa, Aa, Rra, Aa, Ha, Ha, Ms, Ms, Ha, Ha^Edb, Ha^Vhha, Ha, Ha, Ha, Ai, Ai, Ai, Ha, Ha^Vhha, Ha, Ms, Ms, Ms, Ms, Ha^Esa, Ha^Esa, Aa, Rra, Aa^Fpa, Aa^Fpa, Aa^Fpa, Aa^Feta, Ms, Ms^Xm, _off^_usr, _off^_usr
_off^_usr, _off^_usr, _off^_usr, Ms^Xm, Ms, Aa^Edt, Aa^Edt, Aa^Fpa, Aa, Aa^Esa, Rra, Aa, Ha^Esa, Ha, Ms, Ms, Ms, Ha, Ha, Ha^Edb, Ha, Ha^Edb, Ha, Ha^Edb, Rra, Ai, Ha, Ha^Edb, Ms, Ms, Ms, Ms, Ha, Ha, Aa, Rra, Aa^Esa, Aa^Fpa, Aa^Edt, Aa^Edt, Ms, Ms^Xm, _off^_usr, _off^_usr
_off^_usr, _off^_usr, _off^_usr, Ms^Xm, Ms, Aa^Voa, Aa^Edt, Aa, Aa, Rra, Aa, Aa^Esa, Ha, Ha, Ms, Ms, Ms, Ms, Ms, Ms, Ms, Ha^Edb, Ha, Rra, Ha^Edb, Ai, Ha, Ha^Edb, Ms, Ms, Ms, Ms, Ha, Ha^Esa, Aa, Aa, Aa, Aa, Aa^Edt, Aa^Vha, Ms, Ms^Xm, _off^_usr, _off^_usr
_off^_usr, _off^_usr, _off^_usr, Ms^Xm, Ms, Aa^Edt, Aa^Edt, Coa, Coa, Coa, Aa, Aa, Ha, Ha, Ms, Ms, Ms, Ms, Ms, Ms, Ms, Ha, Ha, Rra, Ha^Esa, Ai, Ms, Ms, Ms, Ms, Ha, Ha, Ha^Esa, Ha, Aa, Cfa, Cfa, Cfa, Aa^Edt, Aa^Edt, Ms, Ms^Xm, _off^_usr, _off^_usr
_off^_usr, _off^_usr, _off^_usr, Ms^Xm, Ms, Aa^Voa, Aa^Edt, Aa, Coa, Aa, Aa, Aa^Esa, Ha, Ha^Esa, Ha, Ms, Ms, Ms, Ms, Ms, Ms, Ha, Ha, Rra, Ha, Ai, Ms, Ms, Ha, Ha, Ha^Esa, Ha, Aa, Aa, Aa, Aa, Cfa, Aa, Aa^Edt, Aa^Vha, Ms, Ms^Xm, _off^_usr, _off^_usr
_off^_usr, _off^_usr, _off^_usr, Ms^Xm, Ms, Aa^Edt, Aa, Coa, 3 Koa, Coa, Aa, Aa, Aa, Ha, Ha, Ha^Esa, Ha, Ms, Ms, Ms, Ms, Ha, Ha, Rra, Ai, Ai, Ha, Ha, Ha^Esa, Ha, Aa, Aa, Aa, Aa^Esa, Aa, Cfa, 2 Kfa, Cfa, Aa, Aa^Edt, Ms, Ms^Xm, _off^_usr, _off^_usr
_off^_usr, _off^_usr, _off^_usr, Ms^Xm, Ms, Coa, Coa, Coa, Coa, Coa, Coa, Coa, Aa, Aa, Aa, Ha^Esa, Ha, Ha^Esa, Ha, Ms, Ms, Ha, Ha, Ai, Aa, Rra, Rra, Ha, Aa^Esa, Aa, Rra, Rra, Rra, Cfa, Cfa, Cfa, Cfa, Cfa, Cfa, Cfa, Ms, Ms^Xm, _off^_usr, _off^_usr
_off^_usr, _off^_usr, _off^_usr, Ms^Xm, Ms, Aa, Coa, Aa, Aa^Edt, Aa, Coa, Aa, Aa, Rra, Rra, Aa^Esa, Rra, Ha, Ha, Ha, Ha, Ha, Ha, Ai, Aa, Aa^Esa, Aa, Rra, Rra, Rra, Aa, Aa, Aa, Aa, Cfa, Aa, Aa^Edt, Aa, Cfa, Aa, Ms, Ms^Xm, _off^_usr, _off^_usr
_off^_usr, _off^_usr, _off^_usr, Ms^Xm, Ms^Xm, Ms, Ms, Aa^Edt, Aa^Voa, Aa^Edt, Aa^Edt, Aa, Aa^Fpa, Aa^Fpa, Aa^Fpa, Rra, Aa, Rra, Rra, Ha, Ha, Ha^Esa, Aa, Ai, Ai, Aa, Aa, Aa^Feta, Aa, Aa^Esa, Aa^Fpa, Aa^Fpa, Aa^Fpa, Aa, Aa^Edt, Aa^Edt, Aa^Vha, Aa^Edt, Ms, Ms, Ms^Xm, Ms^Xm, _off^_usr, _off^_usr
_off^_usr, _off^_usr, _off^_usr, _off^_usr, _off^_usr, Ms^Xm, Ms^Xm, Ms, Ms, Aa^Edt, Aa^Voa, Aa^Edt, Aa^Fpa, Aa^Fpa, Aa^Fpa, Aa^Fpa, Aa^Fpa, Aa, Aa, Aa, Aa, Aa, Aa^Esa, Aa, Aa, Ai, Aa, Aa, Aa^Fpa, Aa^Fpa, Aa^Fpa, Aa^Fpa, Aa^Fpa, Aa^Edt, Aa^Vha, Aa^Edt, Ms, Ms, Ms^Xm, Ms^Xm, _off^_usr, _off^_usr, _off^_usr, _off^_usr
_off^_usr, _off^_usr, _off^_usr, _off^_usr, _off^_usr, _off^_usr, _off^_usr, Ms^Xm, Ms^Xm, Ms, Ms, Aa^Edt, Aa^Feta, Aa^Fpa, Aa^Fpa, Aa^Fpa, Aa^Fpa, Aa^Fpa, Aa^Fpa, Aa, Aa, Aa^Esa, Aa^Vaa, Aa, Aa^Esa, Ai, Aa, Aa^Fpa, Aa^Fpa, Aa^Fpa, Aa^Fpa, Aa^Fpa, Aa, Aa^Edt, Ms, Ms, Ms^Xm, Ms^Xm, _off^_usr, _off^_usr, _off^_usr, _off^_usr, _off^_usr, _off^_usr
_off^_usr, _off^_usr, _off^_usr, _off^_usr, _off^_usr, _off^_usr, _off^_usr, _off^_usr, _off^_usr, Ms^Xm, Ms^Xm, Ms, Ms, Aa^Fpa, Aa^Fpa, Aa^Fpa, Aa^Fpa, Aa^Fpa, Aa^Fpa, Aa^Fpa, Aa^Fpa, Aa, Aa^Vaa, Aa, Ai, Ai, Aa, Aa^Fpa, Aa^Fpa, Aa^Fpa, Aa^Fpa, Aa^Fpa, Ms, Ms, Ms^Xm, Ms^Xm, _off^_usr, _off^_usr, _off^_usr, _off^_usr, _off^_usr, _off^_usr, _off^_usr, _off^_usr
_off^_usr, _off^_usr, _off^_usr, _off^_usr, _off^_usr, _off^_usr, _off^_usr, _off^_usr, _off^_usr, _off^_usr, _off^_usr, Ms^Xm, Ms^Xm, Ms, Ms, Aa^Fpa, Aa^Fpa, Aa^Fpa, Aa^Fpa, Aa^Fpa, Aa^Fpa, Aa, Ai, Ai, Aa, Aa^Esa, Aa, Aa, Aa^Esa, Aa, Ms, Ms, Ms^Xm, Ms^Xm, _off^_usr, _off^_usr, _off^_usr, _off^_usr, _off^_usr, _off^_usr, _off^_usr, _off^_usr, _off^_usr, _off^_usr
_off^_usr, _off^_usr, _off^_usr, _off^_usr, _off^_usr, _off^_usr, _off^_usr, _off^_usr, _off^_usr, _off^_usr, _off^_usr, _off^_usr, _off^_usr, Ms^Xm, Ms^Xm, Ms, Ms, Aa^Fpa, Aa, Aa^Fpa, Aa, Aa, Ai, Aa, Aa, Aa, Aa^Esa, Aa, Ms, Ms, Ms^Xm, Ms^Xm, _off^_usr, _off^_usr, _off^_usr, _off^_usr, _off^_usr, _off^_usr, _off^_usr, _off^_usr, _off^_usr, _off^_usr, _off^_usr, _off^_usr
_off^_usr, _off^_usr, _off^_usr, _off^_usr, _off^_usr, _off^_usr, _off^_usr, _off^_usr, _off^_usr, _off^_usr, _off^_usr, _off^_usr, _off^_usr, _off^_usr, _off^_usr, Ms^Xm, Ms^Xm, Ms, Ms, Aa^Esa, Aa, Aa^Esa, Ai, Aa^Esa, Aa, Aa, Ms, Ms, Ms^Xm, Ms^Xm, _off^_usr, _off^_usr, _off^_usr, _off^_usr, _off^_usr, _off^_usr, _off^_usr, _off^_usr, _off^_usr, _off^_usr, _off^_usr, _off^_usr, _off^_usr, _off^_usr
_off^_usr, _off^_usr, _off^_usr, _off^_usr, _off^_usr, _off^_usr, _off^_usr, _off^_usr, _off^_usr, _off^_usr, _off^_usr, _off^_usr, _off^_usr, _off^_usr, _off^_usr, _off^_usr, _off^_usr, Ms^Xm, Ms^Xm, Ms, Ms, Aa, Ai, Aa, Ms, Ms, Ms^Xm, Ms^Xm, _off^_usr, _off^_usr, _off^_usr, _off^_usr, _off^_usr, _off^_usr, _off^_usr, _off^_usr, _off^_usr, _off^_usr, _off^_usr, _off^_usr, _off^_usr, _off^_usr, _off^_usr, _off^_usr
_off^_usr, _off^_usr, _off^_usr, _off^_usr, _off^_usr, _off^_usr, _off^_usr, _off^_usr, _off^_usr, _off^_usr, _off^_usr, _off^_usr, _off^_usr, _off^_usr, _off^_usr, _off^_usr, _off^_usr, _off^_usr, _off^_usr, Ms^Xm, Ms^Xm, Ms, Ms, Ms, Ms^Xm, Ms^Xm, _off^_usr, _off^_usr, _off^_usr, _off^_usr, _off^_usr, _off^_usr, _off^_usr, _off^_usr, _off^_usr, _off^_usr, _off^_usr, _off^_usr, _off^_usr, _off^_usr, _off^_usr, _off^_usr, _off^_usr, _off^_usr
_off^_usr, _off^_usr, _off^_usr, _off^_usr, _off^_usr, _off^_usr, _off^_usr, _off^_usr, _off^_usr, _off^_usr, _off^_usr, _off^_usr, _off^_usr, _off^_usr, _off^_usr, _off^_usr, _off^_usr, _off^_usr, _off^_usr, _off^_usr, _off^_usr, Ms^Xm, Ms^Xm, Ms^Xm, _off^_usr, _off^_usr, _off^_usr, _off^_usr, _off^_usr, _off^_usr, _off^_usr, _off^_usr, _off^_usr, _off^_usr, _off^_usr, _off^_usr, _off^_usr, _off^_usr, _off^_usr, _off^_usr, _off^_usr, _off^_usr, _off^_usr, _off^_usr
_off^_usr, _off^_usr, _off^_usr, _off^_usr, _off^_usr, _off^_usr, _off^_usr, _off^_usr, _off^_usr, _off^_usr, _off^_usr, _off^_usr, _off^_usr, _off^_usr, _off^_usr, _off^_usr, _off^_usr, _off^_usr, _off^_usr, _off^_usr, _off^_usr, _off^_usr, _off^_usr, _off^_usr, _off^_usr, _off^_usr, _off^_usr, _off^_usr, _off^_usr, _off^_usr, _off^_usr, _off^_usr, _off^_usr, _off^_usr, _off^_usr, _off^_usr, _off^_usr, _off^_usr, _off^_usr, _off^_usr, _off^_usr, _off^_usr, _off^_usr, _off^_usr
_off^_usr, _off^_usr, _off^_usr, _off^_usr, _off^_usr, _off^_usr, _off^_usr, _off^_usr, _off^_usr, _off^_usr, _off^_usr, _off^_usr, _off^_usr, _off^_usr, _off^_usr, _off^_usr, _off^_usr, _off^_usr, _off^_usr, _off^_usr, _off^_usr, _off^_usr, _off^_usr, _off^_usr, _off^_usr, _off^_usr, _off^_usr, _off^_usr, _off^_usr, _off^_usr, _off^_usr, _off^_usr, _off^_usr, _off^_usr, _off^_usr, _off^_usr, _off^_usr, _off^_usr, _off^_usr, _off^_usr, _off^_usr, _off^_usr, _off^_usr, _off^_usr
_off^_usr, _off^_usr, _off^_usr, _off^_usr, _off^_usr, _off^_usr, _off^_usr, _off^_usr, _off^_usr, _off^_usr, _off^_usr, _off^_usr, _off^_usr, _off^_usr, _off^_usr, _off^_usr, _off^_usr, _off^_usr, _off^_usr, _off^_usr, _off^_usr, _off^_usr, _off^_usr, _off^_usr, _off^_usr, _off^_usr, _off^_usr, _off^_usr, _off^_usr, _off^_usr, _off^_usr, _off^_usr, _off^_usr, _off^_usr, _off^_usr, _off^_usr, _off^_usr, _off^_usr, _off^_usr, _off^_usr, _off^_usr, _off^_usr, _off^_usr, _off^_usr
