Gg, Gg, Gg, Gg, Gg, Gg, Gg, Gg, Gg, Gg, Gg, Gg, Gg, Gg, Gg, Gg, Gg, Gg, Gg, Gg, Gg, Gg, Gg, Gg, Gg, Gg, Gg, Gg, Gg, Gg, Gg, Gg, Gg, Gg, Gg, Gg, Gg, Gg, Gg, Gg
Gg, Gg, Gg, Gg, Gg, Gg, Gg, Gs^Fds, Gs^Fds, Gs^Fds, Hh, Gg, Gs^Fds, Gs^Fds, Hh, Gs^Fds, Gs^Fds, Gg, Gg^Efm, Gg, Gs^Fds, Gs^Fds, Hh, Gs^Fds, Gs^Fms, Gs^Fms, Gs^Fms, Gs^Fds, Gs^Fds, Gs^Fds, Gs^Fds, Gg, Gg, Gg, Gg, Gg, Gs^Fds, Gg, Gg, Gg
Gg, Gg, Gs^Fds, Gs^Fds, Gs^Fds, Gs^Fds, Gs^Fds, Gs^Fds, Gs^Fds, Gs^Fds, Gs^Fds, Hh, Gs^Fds, Gs^Fds, Gg, Gg, Gg, Gg, Rp, Gg, Gg, Gs^Fds, Hh, Hh, Mm, Mm, Hh, Gs^Fms, Gs^Fds, Gg^Fet, Gs^Fds, Gs^Fds, Gg^Efm, Gg, Gg, Gs^Fds, Gs^Fds, Gs^Fds, Gg, Gg
Gg, Gg, Gs^Fds, Gs^Fds, Gg^Fet, Gs^Fds, Gs^Fds, Gs^Fds, Gs^Fds, Gs^Fds, Gs^Fds, Gs^Fds, Gg, Gg^Efm, Rp, Rp, Rp, Rp, Gg, Rp, Gg^Ve, Gg, Gg, Hh, Mm, Mm, Mm, Hh, Hh, Gs^Fds, Gg, Gs^Fds, Gg, Gg, Gg, Gs^Fds, Gg^Fet, Gs^Fds, Gs^Fds, Gg
Gg, Gg, Gg, Gs^Fds, Gs^Fds, Gs^Fds, Gg^Fet, Gs^Fds, Hh, Hh, Gg, Gg, Rp, Rp, Gg, Gg, Gg, Gg, Gs^Fds, Gs^Fds, Gg, Rp, Gs^Fms, Hh, Gs^Fms, Mm, Gs^Fms, Hh, Gs^Fds, Gg, Gg^Efm, Gg, Gg, Gg, Gs^Fds, Gs^Fds, Gs^Fds, Gs^Fds, Gs^Fds, Gg
Gg, Gg, Gg, Gs^Fds, Gs^Fds, Gs^Fds, Gs^Fds, Gs^Fds, Gg, Gg^Efm, Gg^Efm, Gg, Gg^Ve, Gg, Gs^Fds, Gs^Fds, Gs^Fds, Gs^Fds, Gs^Fds, Gg, Rp, Rp, Gs^Fds, Gs^Fms, Gs^Fms, Gs^Fms, Gs^Fds, Gs^Fds, Gg^Ve, Gg, Gg, Gg, Gg, Gs^Fds, Gs^Fds, Gs^Fds, Gs^Fds, Gs^Fds, Gg, Gg
Gg, Gg^Efm, Gg, Gg, Gg, Gs^Fds, Gg, Gg, Gg^Efm, Gg, Gg, Gg, Gs^Fds, Gs^Fms, Gs^Fms, Gs^Fms, Hh, Gs^Fms, Gs^Fds, Rp, Gg, Gg, Gs^Fds, Hh, Gg, Gg, Gg^Efm, Gg, Rp, Gg, Gg^Efm, Gg, Gg, Gg, Gg, Gg, Gg, Gg^Efm, Gg, Gg
Gg, Gg, Gg, Gg, Re^Vct, Gg, Gg, Gg, Gg, Gg, Gs^Fds, Hh, Gs^Fms, Gs^Fms, Mm, Hh, Mm, Gs^Fms, Gs^Fms, Rp, Gg^Ve, Gs^Fds, Gg, Gg^Efm, Rp, Rp, Rp, Rp, Gg, Gg, Gg^Efm, Gg, Ce, Gg^Efm, Gg, Gg, Re^Vct, Gg, Gg, Gg
Gg, Gg, Gg^Efm, Gg, Ce, Ce, Ce, Gg, Ce, Gg, Gs^Fds, Gs^Fds, Gs^Fds, Hh, Mm, Mm, Mm, Gs^Fms, Gs^Fms, Gg, Gg, Rp, Rp, Rp, Gg, Gg, Gg, Gg, Hh, Gg, Gg, Gg, Gg, Gg, Ce, Ce, Ce, Gg, Gg, Gg
Gg, Gg, Re^Vct, Gg, Ce, 1 Ke, Ce, Gg, Ce, Gg, Gg, Gs^Fds, Gs^Fds, Hh, Mm, Mm, Hh, Hh, Gs^Fms, Gs^Fds, Gs^Fds, Gg, Gg, Gg, Hh, Gs^Fds, Gg, Gs^Fds, Gs^Fds, Gs^Fds, Gg, Gg, Gg, Gg, Ce, 2 Ke, Ce, Re^Vct, Re^Vct, Gg
Gg, Gg, Gg, Re^Vct, Gg, Ce, Gg, Gg, Gg, Gg, Gg^Efm, Gg, Gg, Hh, Gg, Hh, Gs^Fds, Hh, Gs^Fds, Hh, Hh, Gs^Fds, Gs^Fds, Hh, Gs^Fds, Gs^Fds, Hh, Hh, Hh, Gs^Fds, Gg, Gg, Gg, Gg, Gg, Ce, Gg, Gg, Gg, Gg
Gg, Gg^Efm, Gg, Gg, Ce, Gg, Gg, Gg^Efm, Gg, Gg, Gg^Efm, Gg, Gg, Gg, Gs^Fds, Gs^Fds, Gg, Gs^Fds, Gs^Fds, Gs^Fds, Gs^Fds, Gs^Fds, Gs^Fds, Gs^Fds, Hh, Hh, Hh, Hh, Hh, Gg, Gg, Gg^Efm, Gg^Efm, Gg, Gg, Gg, Ce, Ce, Gg, Gg
Gg, Gg, Gg, Gg, Gg, Gg, Gg, Gg, Gs^Fds, Gg, Gg, Gg, Gg, Gs^Fds, Gg, Gg^Efm, Gs^Fds, Gs^Fds, Gg^Efm, Cvr, Cvr, Cvr, Gg, Gs^Fds, Gs^Fds, Hh, Gs^Fds, Hh, Gs^Fds, Gg, Gs^Fds, Gg^Efm, Gg, Gg, Gg^Efm, Gg, Gg, Gg, Gg, Gg
Gg, Gg, Gg^Efm, Gg, Gg^Efm, Gg, Gg, Gg, Gs^Fds, Gs^Fds, Hh, Gg, Gs^Fds, Gs^Fds, Gs^Fds, Gs^Fds, Gg^Edb, Cvr, Cvr, Gg, Gg^Efm, Gg, Cvr, Cvr, Gg^Efm, Gs^Fds, Gs^Fds, Gs^Fds, Gs^Efm, Gs^Fds, Gs^Fds, Gg, Gs^Fds, Gg, Gg, Gg, Gg, Gg^Efm, Gg, Gg
Gg, Gg, Gg, Gg, Gg, Gg, Gg^Efm, Gg, Gg, Gg, Hh, Hh, Hh, Gs^Fds, Gs^Fds, Rp, Rp, Gg^Ve, Gg^Efm, Cvr, Cvr, Cvr, Gg^Edb, Gg^Ve, Rp, Rp, Gs^Fds, Gs^Fds, Gg, Gg, Gs^Fds, Gs^Fds, Gs^Fds, Gs^Fds, Gs^Fds, Gg, Gg, Gg^Efm, Gg, Gg
Gg, Gg, Gs^Fds, Gs^Fds, Gg, Gg, Rp, Gg^Efm, Gg, Gs^Fds, Hh, Hh, Hh, Hh, Gs^Fds, Gg^Edb, Gg^Ve, Rp, Rp, Gg^Ve, Gg^Edb, Gg^Ve, Rp, Rp, Gg^Ve, Gs^Fds, Gs^Fds, Gs^Fds, Gs^Fds, Gs^Fds, Gs^Fms, Gs^Fds, Gs^Fms, Gs^Fds, Gs^Fds, Gg, Gg, Gg, Gs^Fds, Gg
Gg, Gg, Gs^Fds, Gs^Fds, Gs^Fds, Gg^Ve, Gg, Rp, Rp, Gg, Gg, Hh, Gs^Fds, Gs^Fds, Gs^Fds, Cvr, Cvr, Gg^Efm, Gg^Ve, Rp, Kvr, Rp, Gg^Ve, Gg^Efm, Cvr, Cvr, Gs^Fds, Gg^Fet, Gs^Fds, Gs^Fds, Hh, Gs^Fms, Gs^Fms, Gs^Fds, Gs^Fds, Gg^Ve, Rp, Gg, Gs^Fds, Gg
Gg, Gg, Gs^Fds, Gs^Fms, Gs^Fms, Gs^Fds, Gs^Fms, Gg, Rp, Gg, Gg^Efm, Gs^Fds, Gs^Fds, Hh, Gs^Fds, Gg^Edb, Gg, Cvr, Cvr, Gg^Edb, Rp, Gg^Edb, Cvr, Cvr, Gg, Gg^Edb, Gs^Fds, Gs^Fds, Gs^Fms, Hh, Mm, Mm, Mm, Gs^Fms, Hh, Gg, Rp, Gg, Gs^Fds, Gg
Gg, Gg, Gs^Fds, Gs^Fms, Mm, Gs^Fms, Hh, Gg, Gg, Rp, Rp, Gg, Gs^Fds, Hh, Gs^Fds, Cvr, Cvr, Gg^Efm, Cvr, Gg^Ve, Rp, Gg^Ve, Cvr, Gg^Efm, Cvr, Cvr, Gs^Fds, Gs^Fds, Gs^Fms, Hh, Gs^Fms, Mm, Hh, Hh, Gs^Fds, Gg, Rp, Gg, Gs^Fds, Gg
Gg, Gg, Gg, Hh, Mm, Mm, Mm, Hh, Gs^Fms, Gg, Rp, Gg, Gg, Gs^Fds, Gs^Fds, Gs^Fds, Cvr, Gg, Cvr, Gg^Efm, Rp, Gg^Edb, Cvr, Gg, Cvr, Gs^Fds, Hh, Hh, Gs^Fds, Gs^Fms, Gs^Fms, Hh, Gs^Fds, Gs^Fds, Gg, Gg^Efm, Rp, Gg, Gg, Gg
Gg, Gg^Efm, Gg, Hh, Hh, Mm, Gs^Fms, Gs^Fms, Gs^Fds, Gg, Gg^Efm, Rp, Gs^Fds, Gs^Fds, Gg^Fet, Gs^Fds, Gs^Fds, Gg^Efm, Cvr, Gg^Ve, Rp, Gg^Ve, Cvr, Gg^Edb, Gs^Fds, Gs^Fds, Gs^Fds, Gs^Fds, Gg, Gs^Fds, Rp, Gg, Gg, Gs^Fds, Gg^Efm, Rp, Gg, Gg, Hh, Gg
Gg, Gg^Efm, Gg, Hh, Gs^Fds, Hh, Gs^Fms, Gs^Fms, Rp, Gg, Gg, Gg^Ve, Gg, Gs^Fds, Gs^Fds, Gs^Fds, Gs^Fds, Gs^Fds, Gs^Fds, Gg^Edb, Rp, Gg^Efm, Gs^Fds, Gs^Fds, Gs^Fds, Hh, Gg, Gg, Rp, Gg^Ve, Gg, Rp, Gg, Gs^Fds, Gg, Rp, Gg, Gs^Fds, Gs^Fds, Gg
Gg, Gg, Gg, Gs^Fds, Gg^Fet, Gs^Fms, Gs^Fds, Rp, Gg, Rp, Rp, Rp, Gs^Fms, Gs^Fms, Gs^Fms, Gs^Fds, Gs^Fds, Gs^Efm, Gg, Gs^Fds, Gs^Fds, Gs^Fds, Hh, Hh, Hh, Gs^Fds, Gg^Efm, Rp, Gg, Gg, Gg, Rp, Gg, Gg, Rp, Rp, Gg^Efm, Gs^Fds, Gg, Gg
Gg, Gg, Gg, Gs^Fds, Gs^Fds, Gs^Fds, Gg, Gg^Ve, Gg, Gg, Gs^Fds, Gs^Fms, Mm, Gs^Fms, Hh, Hh, Gs^Fds, Gg, Gs^Fds, Gs^Fds, Gs^Fds, Gs^Fds, Hh, Hh, Hh, Gs^Fds, Gg, Rp, Gg, Gs^Fds, Gs^Fds, Rp, Rp, Gg^Ve, Gg, Gg, Hh, Gg, Gg, Gg
Gg, Gg^Efm, Gg, Gs^Fds, Gs^Fds, Gs^Fds, Gg, Rp, Gg, Gs^Fds, Gs^Fds, Hh, Mm, Mm, Mm, Hh, Hh, Gs^Fds, Gs^Fds, Gs^Fds, Gg, Hh, Hh, Hh, Gs^Fds, Gs^Fds, Gg, Rp, Gg, Gs^Fds, Gs^Fms, Gs^Fds, Gs^Fms, Gs^Fds, Gs^Fds, Hh, Gs^Fds, Gg, Gg^Efm, Gg
Gg, Gg, Gg, Gg, Gs^Fds, Gs^Fds, Gg, Rp, Rp, Gg, Gs^Fds, Hh, Hh, Mm, Mm, Hh, Gs^Fms, Gs^Fds, Gs^Fds, Gg, Gg, Gs^Fds, Gs^Fds, Hh, Gg, Gg, Gg^Efm, Rp, Rp, Gg, Gs^Fms, Gs^Fms, Hh, Gs^Fms, Hh, Gs^Fds, Gs^Fds, Gg, Gg, Gg
Gg, Gg^Efm, Gg, Gg, Gg, Hh, Gg^Efm, Gg, Rp, Gg, Gg^Efm, Hh, Gs^Fms, Gs^Fms, Gs^Fms, Gs^Fms, Gs^Fds, Gg, Gg, Gg, Gg, Gs^Fds, Gs^Fds, Gs^Fds, Gs^Fds, Gs^Fds, Gg^Efm, Gg, Rp, Gg, Hh, Mm, Mm, Hh, Hh, Gs^Fms, Gs^Fds, Gs^Fds, Gg, Gg
Gg, Gg, Gs^Fds, Gs^Fds, Wwg, Gg, Gs^Fds, Gs^Fds, Gg, Rp, Rp, Gg, Gg, Gs^Fds, Gs^Fds, Gs^Fms, Gs^Fds, Gg, Gg, Gg^Efm, Gg, Gg, Gs^Fds, Gs^Fds, Hh, Hh, Gg, Gg, Rp, Gg, Gg, Hh, Mm, Mm, Gs^Fms, Gs^Fms, Gs^Fds, Gg, Gg, Gg
Gg, Gg, Gs^Fds, Gs^Fds, Wwg, Ww^Ewf, Gs^Fds, Gs^Fds, Hh, Gg, Gg^Efm, Rp, Rp, Gg^Ve, Gg, Gs^Fds, Gg, Gg^Efm, Gg, Gg, Gg, Gg, Gg, Gs^Fds, Gg, Gg, Gg, Gg^Ve, Gs^Fds, Gg, Gs^Fds, Hh, Hh, Mm, Gs^Fms, Gs^Fms, Gg, Gg, Gg, Gg
Gg, Gg, Gs^Fds, Gs^Fds, Wwg, Wwg, Wwg, Wwg, Gs^Fds, Hh, Gs^Fds, Gg, Gg, Gg, Gg, Gg, Gg, Gg, Gg, Ce, Gg, Gg, Gg, Gg, Gg^Efm, Gg, Gg, Gs^Fds, Gs^Fds, Gs^Fds, Gs^Fds, Gs^Fms, Gs^Fms, Gs^Fms, Gs^Fms, Gg, Gg, Gg, Gg, Gg
Gg, Gs^Fds, Wwg, Wwg, Wo, Wo, Wo, Wwg, Ww^Ewf, Gs^Fds, Gs^Fds, Gs^Fds, Gs^Fds, Gg, Gg^Efm, Gg, Gg, Gg^Efm, Gg, Gg, Ce, Gg, Gg, Gg, Gg, Gg, Gg, Gg, Gg, Gg, Gs^Fds, Gs^Fds, Gs^Fds, Gs^Fds, Gg, Gg, Gg, Gg^Efm, Gg, Gg
Gg, Gg, Wwg, Wo, Wwg, Wo, Wo, Wwg, Ww^Ewf, Gs^Fds, Gs^Fds, Gg, Gg, Gg, Gg^Efm, Gg, Gg, Gg, Re^Vct, Ce, 3 Ke, Ce, Re^Vct, Ce, Gg^Efm, Gg, Gg, Gg, Gg^Efm, Gg, Gg, Gs^Fds, Gg^Efm, Gg, Gg, Gg, Gg^Efm, Gg, Gg, Gg
Gg, Gg^Efm, Gg, Ww^Ewf, Gg, Wwg, Wwg, Wwg, Gg, Gs^Fds, Gg, Gg, Gg^Efm, Gg, Gg, Gg, Gg, Gg, Re^Vct, Ce, Ce, Ce, Gg, Ce, Gg, Gg^Efm, Gg^Efm, Gg, Gg, Gg, Gg, Gg, Gg, Gg, Gg, Gg, Gg, Gg, Gg, Gg
Gg, Gg, Gg, Gg, Gg, Gg, Gg, Gg, Gg, Gg, Gg, Gg, Gg, Gg, Gg, Gg, Gg, Gg, Gg, Gg, Gg, Gg, Gg, Gg, Gg, Gg, Gg, Gg, Gg, Gg, Gg, Gg, Gg, Gg, Gg, Gg^Efm, Gg, Gg, Gg, Gg
