Gg, Gg, Gg, Gg, Gg, Gg, Gg, Gg, Gg, Gg, Gg, Gg, Gg, Gg, Gg, Gg, Gg, Rb, Rb, Wwf, Wwf, Wwg, Wwg, Wwg, Wwf, Wwf, Rb, Gg, Gg, Gg, Gg, Gg, Gg, Gg, Gg, Gg, Gg, Gg, Gg, Gg, Gg, Gg, Gg, Gg, Gg, Gg
Gg, Gg, Gs, Gs, Gs, Gs, Gg, Gg, Ss, Gg, Gs, Gs, Gs, Gs, Gs, Gg, Gg, Rb, Rb^Es, Wwf, Wwg, Wwg, Wwg, Wwg, Wwf, Wwf, Rb, Gg, Gg, Gg^Efm, Gs, Gs, Gs, Gg^Efm, Gg, Gg, Gs, Gg, Ss^Emf, Gg, Ss^Emf, Gg, Gg, Gs, Gs, Gg
Gg, Gs, Gs, Gs, Ww^Wkf, Gg, Ss, Ss^Emf, Ss, Gg, Gg, Gs, Gs, Gs, Gs, Gs, Gs, Rb, Rb, Ww^Ewl, Ww^Ewl, Wwg, Wwg, Wwg, Rb^Es, Rb, Gg^Efm, Gg, Gs, Gs, Gs^Fds, Gs, Gs^Fds, Gg, Gs, Gs, Gg, Gg, Ww^Wkf, Ss, Ww^Wkf, Ww^Wkf, Ss^Emf, Gg, Gs, Gg
Gg, Gg, Ss^Emf, Ss, Ss, Ww^Wkf, Ww^Wkf, Ss, Ss, Gg, Gg^Efm, Gg, Gg, Gs, Gg, Gs, Gs, Gs, Gs, Rb, Wwf, Wwf, Wwf, Rb, Rb, Gg, Gg, Gg, Gg, Gs^Fds, Gs^Fds, Gs^Fds, Gg^Fet, Gs^Fds, Gg, Gg, Gg, Ss, Ww^Wkf, Ww^Wkf, Ww^Wkf, Ss, Ww^Wkf, Ss, Gs, Gg
Gg, Gg, Ss^Emf, Ss, Ww^Wkf, Ww^Wkf, Ss, Ss^Emf, Ww^Wkf, Gg, Gg, Gg, Gg, Gg, Gs^Fds, Gg, Gg, Gs, Gs^Vc, Rb, Wwf, Wwf, Wwf, Wwf, Gll, Gll, Gll, Gg, Gs^Vc, Gs^Fms, Gs^Fds, Gs^Fds, Gs^Fds, Gs^Fds, Gs, Gg, Gs, Ss, Ss^Emf, Ww^Wkf, Ww^Wkf, Ww^Wkf, Ss, Ww^Wkf, Gs, Gg
Gg, Gg, Ss, Ss^Emf, Ww^Wkf, Ww^Wkf, Ww^Wkf, Ww^Wkf, Gs, Gg, Gs, Gs, Gg, Gg, Gs^Fds, Gs^Fds, Gs^Fds, Gg, Gs^Fms, Gll, Gll, Wwf, Wwg, Wwf, Gll^Es, Gll, Gs^Fms, Gs^Fms, Gll^Fp, Gs^Fms, Gg, Gs^Fds, Gs^Fds, Gg, Gs, Gs, Gs, Gs, Gg, Ss, Gg, Ss, Gg, Ww^Wkf, Gs, Gs
Gg, Gg, Ww^Wkf, Ww^Wkf, Ss, Ss^Emf, Gg, Gg, Gs, Gs, Gs, Gs, Gg, Gs^Fds, Gg^Fet, Gs^Fds, Gs^Fds, Gs^Fms, Gs^Fms, Gs^Fms, Gll^Fp, Gll, Wwg, Ww^Ewl, Wwg, Gll^Es, Gll^Fp, Gs^Fms, Gll^Fp, Gll^Fp, Gll^Fp, Gs^Fds, Gg, Gs, Gg, Gs, Gg, Gs, Gg, Gg, Gg, Gg, Gg, Gg, Gs, Gs
Gg, Gg, Ss, Ss, Ss^Emf, Ss, Gs, Gs, Gs, Gs, Gs, Gs, Gg, Gs^Fds, Gs^Fds, Gs^Fds, Gg, Gs^Fms, Gs^Fms, Gll^Fp, Hh, Hh, Wwg, Wog, Wwg, Hh, Hh, Gll^Fp, Hh, Gll^Fp, Gll^Fp, Gs^Fms, Gll, Gg, Gg, Gg^Efm, Gs, Gs, Gg, Gg^Wm, Gg^Gvs, Gg^Gvs, Gg^Gvs, Gs, Gg, Gg
Gg, Gg, Gg^Efm, Gg, Gg, Gg, Gs, Gs, Gg, Gs, Gs, Gs, Gs, Gs^Fds, Gs^Fds, Gg, Gll, Gs^Fms, Gll^Fp, Gll^Fp, Hh, Hh, Mm, Wog, Wog, Hh, Hh, Hh, Hh, Gll^Fp, Gs^Fms, Gs^Fms, Gll, Gg, Gs, Gs, Gs, Gg, Gg^Gvs, Gg^Gvs, Gg^Gvs, Gg^Gvs, Gg^Gvs, Gg^Gvs, Gg^Gvs, Gg
Gg, Gg, Gs, Gg, Gg, Gs, Gg^Gvs, Gg, Gg^Wm, Gg, Gg^Efm, Gs, Gs, Gg, Gg, Gg, Gll, Gll, Gll^Fp, Hh, Hh, Hh, Mm, Mm^Xm, Wog, Mm, Mm, Hh, Gs^Fms, Gs^Fms, Gll, Gll, Gg, Gg, Gg, Gg, Gg, Gg^Gvs, Gg^Gvs, Gg^Gvs, Gg^Gvs, Gg^Gvs, Gg^Gvs, Gg^Gvs, Gg, Gg
Gg, Gg, Gs, Gg, Gg^Gvs, Gg^Gvs, Gg^Gvs, Gg^Gvs, Gg^Gvs, Gg, Gg, Gg, Ce, Gg, Gs, Gs, Gg, Gll, Gll, Hh, Hh, Mm, Mm, Mm^Xm, Mm^Xm, Mm, Mm, Hh, Hh, Gs^Fms, Gll, Gg, Gg, Gg, Ce, Ce, Rp, Gg, Gg, Gg^Gvs, Gg^Gvs, Gg^Gvs, Gg, Gg, Gg^Efm, Gg
Gg, Gs, Gs, Gs, Gg, Gg^Gvs, Gg^Gvs, Gg^Gvs, Gg^Gvs, Gg^Gvs, Rp, Ce, Rp, Ce, Gg, Gs, Gs, Gll, Gll, Hh, Hh, Mm, Mm, Mm^Xm, Mm^Xm, Mm, Hh, Hh, Gg^Es, Gll, Gg, Gg, Gg, Ce, Rp, Gs^Vh, Rp, Ce, Ce, Gg, Gg, Gg, Gg, Gg, Gg, Gg
Gg, Gs, Gs, Gs, Gs, Gs, Gs, Gg^Gvs, Rp, Gs^Vh, Rp, Rp, Gs^Vh, Rp, Gg, Gs, Gs, Gg^Es, Gg^Es, Hh, Hh, Mm, Mm^Xm, Mm^Xm, Mm^Xm, Mm, Mm, Hh, Gg^Efm, Gg, Gg, Gg, Gg, Rp, Rp, Gs^Vh, Rp, Rp, Rp, Gg, Gs, Gs, Gs, Gg, Gg, Gg
Gg, Gs, Gs, Gs, Gg, Gs, Gs, Gg, Ce, Gs^Vh, Rp, Ce^Eb, Rp, Rp, Gg, Gs, Gs, Gs, Gg, Gg, Hh, Mm, Mm^Xm, Mm^Xm, Mm^Xm, Mm^Xm, Mm, Hh, Gg^Es, Gg, Gs, Gs, Gg, Rp, Rp, Ce^Eb, Rp, Gs^Vh, Ce, Gs, Gs, Gs, Gs, Gg, Gg, Gg
Gg, Gg, Gg^Efm, Gg, Gg^Gvs, Gs, Gs, Gg, Gg, Ce, Rp, Rp, Ce, Ce, Gg, Gg, Gg, Gg, Gg, Gg^Efm, Hh, Hh, Mm^Xm, Mm^Xm, Mm^Xm, Mm^Xm, Hh, Hh, Rrc, Gg, Gg, Gs, Gs, Gg, Rp, Rp, Gs^Vh, Rp, Ce, Gs, Gs, Gs, Gs, Gg, Gg^Efm, Gg
Gg, Gg, Gg^Gvs, Gg^Gvs, Gg^Gvs, Gg^Gvs, Gg^Gvs, Gg, Gg, Ce, Rp, Gs^Vh, Rp, Gg, Gs, Gs, Gs, Gs, Gg, Gg, Hh^Vhh, Mm^Xm, Mm^Xm, Mm^Xm, Mm, Mm^Xm, Hh^Vhh, Rrc, Rrc, Rrc, Gg, Gs, Gs, Gs, Gs, Gg, Gg, Ce, Gg, Gg, Gg, Gs, Gg, Gg, Gg, Gg
Gg, Gg, Gs, Gg^Gvs, Gg^Gvs, Gg^Gvs, Gg^Gvs, Gg^Gvs, Gg, Gg, Gs, Rp, Gg, Gs, Gs, Gg, Gs, Gg, Rrc, Rrc, Rrc, Ch, Ch, Mm^Xm, Mm, Ch, Ch, Rrc, Hh, Rrc, Gg^Es, Gg, Gg, Gs, Gs, Gg, Gg^Efm, Gg, Gg^Gvs, Gg^Gvs, Gg^Gvs, Gg, Gg, Gg, Gg, Gg
Gg, Gs, Gs, Gg, Gg, Gg^Gvs, Gg, Gg, Gs, Gs, Gg, Gs, Gs, Gs, Gs, Gs, Gs, Gg, Rrc, Rrc, Ch, Ch, Mm, Mm^Xm, Mm, Ch, Ch, Hh^Vhh, Hh, Hh, Hh, Hh, Gg^Es, Gg, Gg, Gg^Es, Gg, Gg^Gvs, Gg^Gvs, Gg^Gvs, Gg^Gvs, Gg^Gvs, Gg, Gs, Gs, Gg
Gg, Gs, Gs, Gs, Gg, Gg, Gg, Gs, Gg, Gg, Gg, Gs, Gs, Gs, Gs, Gs, Gg^Es, Rrc, Hh^Vhh, Rrc, Ch, 1 Kh, Mm, Mm^Xm, Mm^Xm, 2 Kh, Ch, Ch, Mm, Hh, Mm, Hh, Hh, Hh, Hh, Gg^Es, Gg, Gs, Gg, Gg^Gvs, Gg, Gg, Gs, Gs, Gs, Gg
Gg, Gs, Gs, Gs, Gg, Gg^Efm, Gg, Gg, Gll, Gg^Efm, Gg, Gg^Es, Hh, Gs, Gg^Es, Gs, Hh, Hh, Hh, Ch, Mm, Mm, Mm^Xm, Mm^Xm, Mm, Mm^Xm, Mm^Xm, Mm, Mm^Xm, Mm, Mm^Xm, Mm, Mm, Hh, Hh, Hh, Gg^Es, Gs, Gs, Gg, Gs, Gg^Efm, Gs, Gg, Gs, Gg
Gg, Gs, Gs, Gs, Gg, Gg, Gll, Gll, Gll, Gll, Gg, Hh, Mm, Hh, Hh, Hh, Mm, Hh, Mm^Xm, Mm, Mm^Xm, Mm^Xm, Mm, Mm, Ch, Mm, Mm^Xm, Mm^Xm, Mm^Xm, Mm^Xm, Mm^Xm, Mm, Mm, Mm, Hh, Hh, Hh, Gg, Gg^Es, Gs, Gs, Gs, Gs, Gs, Gg, Gg
Gg, Gg, Gs, Gg, Gs^Fds, Gs^Fds, Gs^Fms, Gs^Fms, Gs^Fms, Gll, Hh, Hh, Mm, Mm^Xm, Mm^Xm, Mm, Mm^Xm, Mm^Xm, Mm^Xm, Mm^Xm, Mm, Mm, Ch, 3 Kh, Ch, Mm, Mm^Xm, Mm^Xm, Mm^Xm, Mm^Xm, Mm^Xm, Mm^Xm, Mm^Xm, Mm, Mm, Hh, Hh, Hh, Gg, Gs, Gg, Gs, Gg, Gs, Gs, Gg
Gg, Gg, Gg, Gg, Gs^Fds, Gs^Fms, Gs^Vl, Gs^Fms, Gs^Fms, Gll, Hh, Hh, Mm, Mm^Xm, Mm^Xm, Mm^Xm, Mm^Xm, Mm^Xm, Mm^Xm, Mm, Hh, Ch, Rrc, Ch, Rrc, Ch, Hh^Vhh, Mm^Xm, Mm^Xm, Mm^Xm, Mm^Xm, Mm^Xm, Mm^Xm, Mm, Mm, Mm, Hh, Hh, Gg^Es, Gs, Gs^Vc, Gs, Gs, Gs, Gs, Gg
Gg, Gg^Efm, Gg, Gs^Fds, Gs^Fds, Gs^Fms, Gs^Fms, Gll^Fp, Gll^Fp, Gll, Hh, Hh, Wog, Wog, Mm^Xm, Mm^Xm, Mm, Mm^Xm, Mm, Mm, Hh, Hh^Vhh, Rrc, Rrc, Rrc, Hh, Hh, Hh, Mm, Mm^Xm, Mm, Mm^Xm, Mm^Xm, Mm^Xm, Wog, Mm, Hh, Hh, Gll, Gg^Es, Gs^Fds, Gs^Fds, Gs^Fds, Gg, Gg^Efm, Gg
Gg, Gg, Gs, Gs^Fds, Gs^Fds, Gs^Fms, Gs^Fms, Gll^Fp, Gll^Fp, Hh, Hh, Wog, Mm, Mm^Xm, Mm, Mm, Hh, Mm, Hh, Hh, Gs, Rrc, Gg^Es, Rrc, Gg^Es, Rrc, Hh, Hh, Hh, Mm, Hh, Mm, Mm, Mm^Xm, Mm, Wog, Mm, Hh, Gll^Fp, Gll, Gs^Fms, Gs^Fms, Gs^Fms, Gs^Fds, Gg, Gg
Gg, Gs, Gg, Gs^Fds, Gg^Fet, Gs^Fds, Gs^Fds, Gll^Fp, Gll, Hh, Wwg, Wog, Mm, Mm, Mm, Mm, Hh, Hh, Gs, Gs, Gs, Gs, Gs, Gs, Gs, Gg, Gg, Hh, Hh, Hh, Hh, Hh, Hh, Mm, Wwg, Wog, Mm, Hh, Hh, Gll^Fp, Gll^Fp, Gs^Fms, Gs^Fds, Gs^Fds, Gs, Gg
Gg, Gs, Gs^Fds, Gs^Fds, Gs^Fds, Gs^Fds, Gll, Gll, Ww^Ewl, Ww^Ewl, Wwg, Hh, Hh, Mm, Hh, Hh, Gs, Hh, Gs, Gs, Gs, Gs, Gs, Gs, Gs, Gg^Efm, Gg, Gg^Es, Gll, Gll, Gs^Fms, Hh, Hh, Hh, Hh, Wog, Wwg, Hh, Hh, Gll^Fp, Gs^Fms, Gs^Fms, Gs^Fds, Gs^Fds, Gs, Gg
Gs, Gs, Gs, Gs^Fds, Gg, Gll, Gg, Wwf, Wwf, Wwg, Gll, Hh, Gll^Fp, Hh, Hh, Hh, Gs, Gs, Gs, Gs, Gs, Gs, Gs, Gs, Gg, Gg, Gg, Gs^Fds, Gs^Fds, Gs^Fds, Gs^Fms, Gll^Fp, Gll^Fp, Gll^Fp, Gll^Es, Wwg, Ww^Ewl, Hh, Gll, Gs^Fms, Gs^Fds, Gs^Fds, Gs^Fds, Gs^Fds, Gs, Gg
Gg, Gs, Gs, Gs, Gg^Efm, Gg, Wwf, Wwf, Wwf, Wwf, Gll, Gll^Fp, Gll^Fp, Gll^Fp, Gll, Gg^Es, Gg, Gs, Gg, Gs, Gs, Gs, Gs, Gg, Gg, Gg^Efm, Gg, Gs^Fds, Gs^Fds, Gs^Fds, Gs^Fds, Gs^Fms, Gs^Fms, Gll, Wwf, Wwg, Wwg, Gll^Es, Wwf, Gll, Rb, Gs^Fds, Gg, Gs, Rb, Gg
Gg, Gg, Rb, Gg, Wwf, Gg, Wwg, Wwf, Wwf, Wwf, Gs^Fms, Gll^Fp, Gs^Fms, Gs^Fms, Gg^Gvs, Gg^Gvs, Gg^Gvs, Gg^Efm, Gs, Gg, Ce, Rp, Gs^Vh, Rp, Ce, Gg, Gg, Gs^Fds, Gg, Gll, Gll, Gs^Fms, Gs^Fms, Gs^Fms, Wwf, Wwg, Wwf, Wwf, Wwf, Wwf, Wwf, Rb, Rb^Es, Rb, Rb, Rb
Gg, Gg, Wwf, Rb, Wwf, Wwg, Wwf, Wwg, Gs^Fds, Gs^Fds, Gs^Fms, Gs^Vl, Gs^Fds, Gll, Gg, Gg^Gvs, Gg^Gvs, Gg^Gvs, Gs, Gg, Ce, Rp, Rp, Rp, Rp, Ce, Rp, Gg, Gg^Gvs, Gg^Gvs, Gg^Gvs, Gll, Gs^Fds, Gs^Fds, Gs^Fds, Re^Vct, Wwf, Wwf, Wwf, Wwf, Wwg, Wwf, Wwf, Wwf, Wwf, Rb
Gg, Rb, Wwg, Wwf, Ww^Ewl, Wwg, Wwf, Gg, Gs^Fds, Gs^Fds, Gs^Fms, Gs^Fms, Gs^Fds, Gll, Gs, Gg, Gg^Efm, Gg, Gs, Gg, Ce, Gs^Vh, Rp, Ce^Eb, Gs^Vh, Rp, Rp, Gg^Gvs, Gg^Gvs, Gg^Wm, Gg^Gvs, Gg^Gvs, Gg, Gs^Fds, Gs, Rb, Rb, Wwf, Wwf, Wwg, Ww^Ewl, Wwg, Wwg, Wwg, Wwf, Rb
Rb, Rb, Wwg, Ww^Ewl, Rb^Es, Rb^Es, Rb, Rb, Gs^Fds, Gs^Fds, Gs^Fds, Gs^Fds, Gs, Gg, Gs, Gs, Gg^Gvs, Gg^Gvs, Gg^Gvs, Gs, Rp, Rp, Gs^Vh, Rp, Ce, Rp, Ce, Gg, Gg, Gg^Gvs, Gg, Gg, Gs, Gs, Gs, Gs, Rb, Rb^Es, Rb, Ww^Ewl, Rb, Wwg, Wwf, Wwg, Wwg, Wwf
Wwg, Wwg, Wwg, Wwf, Rb, Rb, Gg, Gs, Gs, Gs^Fds, Gs, Gs^Fds, Gs, Gs, Gs, Gg, Gg, Gg^Gvs, Gg^Gvs, Gg^Gvs, Gg, Rp, Gg, Ce, Gs, Gs, Gg, Gg^Efm, Gg, Gs, Gs, Gs, Gs, Gs, Gs, Gs, Gg, Rb, Gg^Efm, Rb, Rb, Rb^Es, Wwf, Wwg, Wwg, Wwg
Wwg, Wwg, Wwg, Rb, Rb, Rb, Gg, Gg, Gg, Gs, Gg, Gg, Gg, Gg, Gg, Gg, Gg, Gg, Gg, Gg, Gg, Gg, Gg, Gg, Gg, Gg, Gg, Gg, Gg, Gg, Gg, Gg, Gg, Gg, Gg, Gg, Gg, Gg, Gg, Gg, Rb, Rb, Wwf, Wwg, Wwg, Wwg
