Xu, Xu, Xu, Xu, Xu, Xu, Xu, Xu, Xu, Xu, Xu, Xu, Xu, Xu, Xu, Xu, Xu, Xu, Xu, Xu, Xu, Xu, Xu, Xu, Qxu, Xu
Xu, Uu^Emf, Uu, Uu^Vu, Co, Uu^Vu, Uu^Vu, Uu^Emf, Xu, Ql, Xu, Uu^Emf, Uu^Br\, Uu^Emf, Xu, Xu, Xu, Uu^Emf, Uu^Emf, Uu, Uu^Br\, Uu, Uu^Emf, Qxu, Qxu, Xu
Xu, Uu, Co, 1 Ko, Co, Co, Uu, Uu, Ce, Xu, Uu^Br/, Uu^Br/, Xu, Uu^Br\, Uu^Br\, Uu, Xu, Xu, Uu^Br/, Uu^Br/, Uu, Uu^Br\, Uu^Br/, Uu^Br/, Uu^Emf, Xu
Xu, Uu, Co, Co, Uu, Uu, Xu, Uu, Uu, Uu^Br/, Xu, Xu, Uu^Emf, Xu, Xu, Uu^Br\, Uu^Br/, Uu^Br/, Xu, Xu, Uu^Br/, Uu^Br/, Xu, Xu, Xu, Xu
Xu, Uu, Uu, Uu^Vu, Uu, Uu, Uu^Emf, Xu, Uu^Emf, Uu^Br|, Uu, Uu, Qxu, Uu, Uu^Vu, Rp, Rp, Xu, Uu^Br/, Uu^Br/, Uu^Br|, Xu, Uu^Emf, Xu, Uu^Emf, Xu
Xu, Xu, Ce, Uu, Xu, Xu, Xu, Uu, Xu, Uu^Br|, Rp, Rr^Vd, Qxu^Bp/, Qxu^Bp/, Qxu, Qxu^Bp|, Qxu, Uu^Br/, Xu, Uu, Uu^Br|, Uu, Xu, Xu, Uu, Xu
Xu, Xu, Uu, Uu, Xu, Ql, Xu, Uu, Uu, Uu, Xu, Rp, Uu^Br\, Qxu, Uu^Br/, Uu^Br/, Uu^Emf, Uu^Emf, Xu, Uu^Br/, Ce, Xu, Uu^Emf, Uu, Uu, Xu
Xu, Uu^Emf, Uu, Uu, Uu^Emf, Xu, Uu, Uu, Xu, Uu^Emf, Xu, Rp, Uu^Vu, Uu^Br/, Uu, Xu, Xu, Xu, Xu, Uu^Br|, Uu^Br\, Uu, Uu, Uu^Vu, Uu^Vu, Xu
Xu, Uu, Xu, Uu, Uu, Uu, Qxu, Uu, Xu, Xu, Ql, Xu, Uu, Uu^Br|, Xu, Uu, Uu, Xu, Uu, Uu, Uu^Br|, Uu, Co, Co, Co, Xu
Xu, Uu, Uu^Emf, Xu, Uu^Vu, Qxu, Qxu^Bp/, Uu^Emf, Rp, Xu, Xu, Xu, Uu, Uu^Br|, Uu, Uu^Vu, Uu^Emf, Uu, Xu, Xu, Uu^Br|, Uu, Co, 2 Ko, Co, Xu
Qxu, Qxu, Uu, Xu, Rp, Qxu^Bp/, Qxu, Uu, Qxu^Bp|, Rp, Uu^Emf, Uu^Vu, Xu, Uu^Br|, Uu^Br\, Xu, Xu, Xu, Ql, Xu, Uu^Br|, Uu, Uu, Co, Uu^Vu, Xu
Xu, Qxu, Uu^Br\, Xu, Uu^Emf, Rp, Uu, Qxu, Rr^Vd, Qxu, Uu, Xu, Xu, Xu, Uu^Emf, Uu^Br\, Uu^Br\, Xu, Xu, Xu, Xu, Uu^Br\, Uu^Br\, Uu^Vu, Uu, Xu
Xu, Uu, Uu, Uu^Br\, Uu^Br\, Xu, Xu, Uu, Uu^Br/, Uu^Br\, Uu^Br\, Uu, Uu, Uu, Qxu, Uu^Br/, Rp, Uu^Br\, Uu^Br\, Xu, Xu, Xu, Uu^Br|, Uu, Uu, Xu
Xu, Uu^Emf, Xu, Xu, Uu, Uu^Br\, Uu^Br/, Uu^Br/, Xu, Xu, Xu, Uu^Br\, Uu^Br/, Qxu, Qxu^Bp/, Uu^Vu, Qxu^Bp|, Rp, Uu^Emf, Uu^Br\, Uu^Br/, Uu^Br/, Ce, Ce, Uu, Xu
Xu, Uu, Ce, Xu, Ce, Uu, Xu, Uu^Emf, Xu, Xu, Uu, Uu, Uu^Emf, Rp, Uu^Vu, Qxu, Qxu^Bp|, Qxu, Uu, Uu, Uu, Uu, Uu^Emf, Xu, Uu, Xu
Xu, Uu, Uu, Xu, Uu^Vu, Uu, Uu, Xu, Ce, Ce, Uu, Uu, Xu, Uu, Uu, Qxu, Rp, Rp, Xu, Xu, Uu, Uu, Qxu, Uu, Xu, Xu
Xu, Uu, Uu, Uu, Co, Co, Uu^Vu, Uu, Uu, Uu, Xu, Xu, Ql, Xu, Xu, Uu, Rp, Xu, Xu, Uu^Emf, Uu, Qxu, Xu, Xu, Isa, Xu
Xu, Uu, Uu, Uu^Vu, Uu, Co, 3 Ko, Uu, Co, Uu, Xu, Xu, Xu, Xu, Uu^Emf, Xu, Uu^Emf, Uu, Uu^Emf, Uu, Xu, Xu, Isa, Isa^Ebn, Isa, Xu
Xu, Uu^Emf, Uu^Emf, Uu, Uu^Emf, Uu^Vu, Uu, Co, Co, Uu, Uu, Uu^Emf, Xu, Uu, Uu, Uu, Uu^Emf, Uu, Uu^Emf, Uu, Xu, Isa, Isa^Ebn, Cte, Isa^Ebn, Xu
Xu, Xu, Xu, Xu, Xu, Xu, Xu, Xu, Xu, Xu, Xu, Xu, Xu, Xu, Xu, Xu, Xu, Xu, Xu, Xu, Xu, Xu, Xu, Xu, Xu, Xu
