Wog, Wog, Wog, Wog, Wog, Wog, Wog, Wog, Wog, Wog, Wog, Wog, Wog, Wog, Wog, Wog, Wog, Wog, Wog, Wog, Wog, Wog, Wog, Wog, Wog, Wog, Wog, Wog, Wog, Wog, Wog, Wog, Wog, Wog, Wog, Wog, Wog, Wog, Wog, Wog, Wog, Wog, Wog, Wog, Wog, Wog, Wog, Wog, Wog, Wog, Wog, Wog
Wog, Wog, Wog, Wog, Wog, Wog, Wog, Wog, Wog, Wog, Wog, Wog, Wog, Wog, Wog, Wog, Wog, Wog, Wog, Wog, Wog, Wog, Wog, Wog, Wog, Wog, Wog, Wog, Wog, Wog, Wog, Wog, Wog, Wog, Wog, Wog, Wog, Wog, Wog, Wog, Wog, Wog, Wog, Wog, Wog, Wog, Wog, Wog, Wog, Wog, Wog, Wog
Wog, Wog, Wog, Wog, Wog, Wog, Wog, Wog, Wog, Wog, Wog, Wog, Wog, Wog, Wog, Wog, Wog, Wog, Wog, Wog, Wog, Wog, Wog, Wog, Wog, Wog, Wog, Wog, Wog, Wog, Wog, Wog, Wog, Wog, Wog, Wog, Wog, Wog, Wog, Wog, Wog, Wog, Wog, Wog, Wog, Wog, Wog, Wog, Wog, Wog, Wog, Wog
Wog, Wog, Wog, Wog, Wog, Wog, Wog, Wog, Wog, Wog, Wog, Wog, Wog, Wog, Wog, Wog, Wog, Wog, Wog, Wog, Wog, Wog, Wog, Wog, Wog, Wog, Wog, Wog, Wog, Wog, Wog, Wog, Wog, Wog, Wog, Wog, Wog, Wog, Wog, Wog, Wog, Wog, Wog, Wog, Wog, Wog, Wog, Wog, Wog, Wog, Wog, Wog
Wog, Wog, Wog, Wog, Wog, Wog, Wog, Wog, Wog, Wog, Wog, Wog, Wog, Wog, Wog, Wog, Wog, Wog, Wog, Wog, Wog, Wog, Wog, Wog, Wog, Wog, Wog, Wog, Wog, Wog, Wog, Wog, Wog, Wog, Wog, Wog, Wog, Wog, Wog, Wog, Wog, Wog, Wog, Wog, Wog, Wog, Wog, Wog, Wog, Wog, Wog, Wog
Wog, Wog, Wog, Md^Xm, Md^Xm, Md^Xm, Md^Xm, Md^Xm, Md^Xm, Md^Xm, Md^Xm, Md^Xm, Md^Xm, Md^Xm, Md^Xm, Md^Xm, Md^Xm, Md^Xm, Md^Xm, Md^Xm, Md^Xm, Md^Xm, Md^Xm, Md^Xm, Md^Xm, Md^Xm, Md^Xm, Md^Xm, Md^Xm, Md^Xm, Md^Xm, Md^Xm, Md^Xm, Md^Xm, Md^Xm, Md^Xm, Md^Xm, Md^Xm, Md^Xm, Md^Xm, Md^Xm, Md^Xm, Md^Xm, Md^Xm, Md^Xm, Md^Xm, Md^Xm, Wog, Wog, Wog, Wog, Wog
Wog, Wog, Wog, Md^Xm, Md, Md, Md, Md, Md, Md, Hhd, Hhd, Hhd, Hhd, Hhd, Hhd, Gd, Gd^Es, Gd, Gd, Gd^Es, Gd, Gd, Gd^Es, Gd, Gd^Vo, Gd, Gd, Gd, Gd, Gd, Gd, Gd, Gd^Fts, Gd^Fts, Gd^Fts, Gd, Gd, Gd^Edt, Gd, Gd, Gd, Gd^Vo, Md, Md, Md, Md^Xm, Wog, Wog, Wog, Wog, Wog
Wog, Wog, Wog, Md^Xm, Md, Md, Md, Md, Hhd, Hhd, Hhd, Hhd, Hhd, Hhd, Gd^Fetd, Gd^Es, Gd, Gd^Es, Ss, Ss, Ss, Gd, Gd, Gd^Es, Gd, Gd, Gd, Gd, Gd, Gd, Gd^Vo, Gd^Es, Gd, Gd, Gd^Edt, Gd, Gd^Edt, Ce, Gd, Gd, Co, Co, Co, Gd^Fts, Hhd, Md, Md^Xm, Wog, Wog, Wog, Wog, Wog
Wog, Wog, Wog, Md^Xm, Md, Md, Hhd, Hhd, Gd^Fts, Hhd, Gd^Fts, Hhd, Gd, Gd, Gd, Gd, Rp, Ss, Chr, Chr, Chr, Ss, Gd, Gd^Es, Gd^Fts, Gd^Fts, Gd^Fts, Gd^Fts, Gd^Fts, Gd^Fts, Gd^Fts, Gd^Es, Gd, Gd, Gd, Gd^Edt, Gd, Ce, Gd, Gd^Vo, Co, 2 Ko, Co, Gd^Fts, Hhd^Edt, Md, Md^Xm, Wog, Wog, Wog, Wog, Wog
Wog, Wog, Wog, Md^Xm, Hhd, Hhd, Gd^Fts, Gd^Fts, Gd^Fts, Gd^Fts, Ch, Gd, Gd^Vhr, Gd, Rp, Rp, Gd, Ss^Vhs, Chr, Chr, Chr, Ss, Gd, Gd, Gd^Fts, Gd^Fts, Gd^Fts, Gd^Fts, Gd^Fts, Gd^Fts, Gd^Fts, Gd, Gd^Es, Gd^Es, Gd, Gd^Edt, Gd, Ce, Gd^Edt, Gd, Gd, Co, Gd^Vo, Gd^Fts, Hhd^Edt, Md, Md^Xm, Wog, Wog, Wog, Wog, Wog
Wog, Wog, Wog, Md^Xm, Hhd, Gd, Gd^Es, Gd^Fts, Gd, Ch, Ch, Ch, Rp, Rp, Gd, Gd, Gd, Ss, Ss, Chr, Ss, Ss, Hhd, Gd^Fetd, Hhd, Gd^Fts, Hhd, Gd^Fts, Hhd, Gd^Fts, Hhd, Gd^Fetd, Hhd, Gd, Hhd, Gd, Hhd, Gd, Hhd, Gd^Edt, Hhd, Gd, Hhd, Hhd, Md, Md, Md^Xm, Wog, Wog, Wog, Wog, Wog
Wog, Wog, Wog, Md^Xm, Hhd, Gd, Ch, Gd, Ch, Ch, Ch, Ch, Gd^Vhr, Gd^Es, Gd, Gd, Gd, Gd^Fts, Gd^Fts, Ss, Rr^Vhc, Gd, Gd, Hhd, Hhd, Hhd, Hhd, Hhd, Hhd, Hhd, Hhd, Hhd^Vhhr, Md, Hhd, Md, Hhd, Md, Hhd, Md, Hhd, Md, Hhd^Edt, Md, Md, Md, Md, Md^Xm, Wog, Wog, Wog, Wog, Wog
Wog, Wog, Wog, Md^Xm, Hhd, Gd, Ch, Ch, Ch, Rr^Vhc, Gd, Gd, Gd, Gd, Gd^Es, Gd, Gd^Fts, Gd^Fts, Chr, Gd^Fts, Gd, Gd, Hhd, Hhd, Mm, Mm, Mm, Hhd, Hhd, Hhd, Md, Md, Md, Md, Md^Xm, Md, Md^Xm, Md, Md^Xm, Md, Md^Xm, Md, Md^Xm, Md, Md^Xm, Md, Md^Xm, Wog, Wog, Wog, Wog, Wog
Wog, Wog, Wog, Md^Xm, Hhd, Gd, Ch, 1 Kh, Ch, Rr^Vhc, Gd, Gd^Es, Gd, Gd, Gd, Gd, Gd^Fts, Chr, Chr, Chr, Gd, Hhd, Hhd, Hhd, Mm, Mm, Mm, Hhd, Hhd, Md, Md, Md, Md, Md^Xm, Md^Xm, Md^Xm, Md^Xm, Md^Xm, Md^Xm, Md^Xm, Md^Xm, Md^Xm, Md^Xm, Md^Xm, Md^Xm, Md^Xm, Md^Xm, Wog, Wog, Wog, Wog, Wog
Wog, Wog, Wog, Md^Xm, Hhd, Gd, Ch, Ch, Ch, Rr^Vhc, Ch, Gd, Gd^Vhr, Gd^Es, Gd, Gd, Gd, Gd^Fts, Gd^Fts, Gd^Fts, Rr^Vhc, Gd, Gd, Hhd, Hhd, Mm, Hhd, Hhd, Hhd, Hhd, Hhd, Md, Md, Md, Md, Md, Md, Md, Md, Md, Md, Md, Md, Md, Md, Md, Md^Xm, Wog, Wog, Wog, Wog, Wog
Wog, Wog, Wog, Md^Xm, Hhd, Gd, Gd, Gd, Gd, Ch, Ch, Ch, Rp, Gd, Gd, Gd, Gd, Gd^Fts, Ss, Ss, Ss, Gd, Hhd, Hhd, Hhd, Hhd, Hhd, Hhd, Hhd, Hhd, Hhd, Hhd^Vhhr, Hhd, Hhd, Hhd, Hhd, Hhd, Hhd, Hhd, Hhd^Edt, Hhd, Hhd, Hhd^Edt, Md, Md, Md, Md^Xm, Wog, Wog, Wog, Wog, Wog
Wog, Wog, Wog, Md^Xm, Hhd, Gd^Es, Gd^Fts, Gd^Fts, Gd^Fts, Ch, Ch, Ch, Gd^Vhr, Rp, Rp, Gd, Gd, Ss, Chr, Chr, Chr, Ss, Gd, Gd^Fetd, Gd^Fts, Gd^Fts, Gd^Fts, Gd^Fts, Gd^Fts, Gd^Fts, Gd^Fts, Gd^Fetd, Gd, Gd, Gd, Gd^Edt, Gd^Edt, Gd, Gd^Edt, Gd, Gd, Gd, Gd^Vo, Hhd^Edt, Hhd, Md, Md^Xm, Wog, Wog, Wog, Wog, Wog
Wog, Wog, Wog, Md^Xm, Md, Hhd, Hhd, Gd^Fts, Gd^Fts, Gd^Fts, Gd^Fts, Gd, Gd, Gd, Gd, Rp, Rp, Ss^Vhs, Chr, Chr, Chr, Ss, Gd, Gd, Gd^Fts, Gd^Fts, Gd^Fts, Gd^Fts, Gd^Fts, Gd^Fts, Gd^Fts, Gd^Es, Gd, Gd^Es, Gd, Gd, Gd^Edt, Ce, Gd, Gd^Edt, Co, Co, Co, Gd^Fts, Hhd, Md, Md^Xm, Wog, Wog, Wog, Wog, Wog
Wog, Wog, Wog, Md^Xm, Md, Md, Md, Hhd, Hhd, Hhd, Hhd, Hhd, Hhd, Gd, Gd^Fetd, Gd, Gd^Es, Ss, Ss, Chr, Ss, Ss, Gd, Gd, Gd, Gd^Fts, Gd, Gd^Fts, Gd, Gd^Fts, Gd^Vo, Gd, Gd^Es, Gd^Es, Gd, Gd^Edt, Gd, Ce, Gd, Gd^Vo, Co, 3 Ko, Co, Gd^Fts, Hhd, Md, Md^Xm, Wog, Wog, Wog, Wog, Wog
Wog, Wog, Wog, Md^Xm, Md, Md, Md, Md, Md, Hhd, Hhd, Hhd, Hhd, Hhd, Hhd, Gd, Gd, Gd^Es, Gd, Ss, Gd, Gd, Gd, Gd^Es, Gd, Gd, Gd, Gd, Gd, Gd, Gd^Es, Gd, Gd, Gd, Gd^Fts, Gd^Edt, Gd, Ce, Gd, Gd, Gd, Co, Gd^Vo, Gd^Fts, Md, Md, Md^Xm, Wog, Wog, Wog, Wog, Wog
Wog, Wog, Wog, Md^Xm, Md^Xm, Md, Md^Xm, Md, Md^Xm, Md, Md^Xm, Hhd, Md^Xm, Hhd, Md^Xm, Hhd, Md^Xm, Gd, Md^Xm, Gd, Md^Xm, Gd, Md^Xm, Gd^Es, Md^Xm, Gd^Vo, Md^Xm, Gd, Md^Xm, Gd, Md^Xm, Gd, Md^Xm, Gd^Fts, Mm^Xm, Gd^Fts, Md^Xm, Gd, Md^Xm, Gd^Edt, Md^Xm, Gd, Md^Xm, Md, Md^Xm, Md, Md^Xm, Wog, Wog, Wog, Wog, Wog
Wog, Wog, Wog, Md^Xm, Wog, Md^Xm, Wog, Md^Xm, Wog, Md^Xm, Wog, Md^Xm, Wog, Md^Xm, Wog, Md^Xm, Wog, Md^Xm, Wog, Md^Xm, Wog, Md^Xm, Wog, Md^Xm, Wog, Md^Xm, Wog, Md^Xm, Wog, Md^Xm, Wog, Md^Xm, Wog, Md^Xm, Wog, Md^Xm, Wog, Md^Xm, Wog, Md^Xm, Wog, Md^Xm, Wog, Md^Xm, Wog, Md^Xm, Wog, Wog, Wog, Wog, Wog, Wog
Wog, Wog, Wog, Wog, Wog, Wog, Wog, Wog, Wog, Wog, Wog, Wog, Wog, Wog, Wog, Wog, Wog, Wog, Wog, Wog, Wog, Wog, Wog, Wog, Wog, Wog, Wog, Wog, Wog, Wog, Wog, Wog, Wog, Wog, Wog, Wog, Wog, Wog, Wog, Wog, Wog, Wog, Wog, Wog, Wog, Wog, Wog, Wog, Wog, Wog, Wog, Wog
Wog, Wog, Wog, Wog, Wog, Wog, Wog, Wog, Wog, Wog, Wog, Wog, Wog, Wog, Wog, Wog, Wog, Wog, Wog, Wog, Wog, Wog, Wog, Wog, Wog, Wog, Wog, Wog, Wog, Wog, Wog, Wog, Wog, Wog, Wog, Wog, Wog, Wog, Wog, Wog, Wog, Wog, Wog, Wog, Wog, Wog, Wog, Wog, Wog, Wog, Wog, Wog
Wog, Wog, Wog, Wog, Wog, Wog, Wog, Wog, Wog, Wog, Wog, Wog, Wog, Wog, Wog, Wog, Wog, Wog, Wog, Wog, Wog, Wog, Wog, Wog, Wog, Wog, Wog, Wog, Wog, Wog, Wog, Wog, Wog, Wog, Wog, Wog, Wog, Wog, Wog, Wog, Wog, Wog, Wog, Wog, Wog, Wog, Wog, Wog, Wog, Wog, Wog, Wog
