Gs^Fds, Gs^Fds, Gg, Gs^Fds, Gs^Fds, Gs^Fds, Gs^Fds, Gs^Fds, Gs^Fds, Gs^Fds, Gs^Fds, Gs^Fds, Gs^Fds, Gs^Fds, Gs^Fds, Gs^Fds, Gs^Fds, Gs^Fds, Gll, Gs^Fds, Gs^Fds, Gs^Fds, Gs^Fds, Gs^Fds, Gg, Gg, Gg, Gs^Fds
Gg, Gg, Gg^Ve, Gg, Gg, Gg, Gg^Efm, Gs^Fds, Rrc, Gs^Fms, Rrc, Gs^Fms, Gg^Ve, Hh, Hh, Hh, Gs^Fms, Gll, Qlf, Gll, Hh, Gs^Fds, Gg, Gg, Cv, Gg, Gg^Efm, Gs^Fds
Gg, Gg, Gg^Efm, 1 Kv, Cv, Cv, Gg^Ve, Rrc, Hh, Rrc, Gs^Fms, Rrc, Rrc, Gs^Fds, Rrc, Hh, Rrc, Gll, Gll^Es, Gll, Rrc, Gg, Gg^Ve, Cv, 2 Kv, Cv, Gg^Ve, Gg
Gs^Fds, Gg^Efm, Cv, Cv, Cv, Cv, Gg, Hh, Hh, Gs^Fms, Gll^Fp, Gll, Gd^Fetd, Rrc, Gll^Es, Gg^Ve, Gll^Fp, Rrc, Rrc, Rrc, Hh, Rrc, Rrc, Cv, Cv, Cv, Gg, Gg
Gs^Fds, Gg, Gg, Gg^Ve, Gg^Efm, Gg, Hh, Gs^Fms, Hh, Gll^Fp, Gll, Gll, Gll, Qlf, Qlf, Gll, Gll^Fp, Gll^Fp, Gll^Fp, Hh, Hh, Gs^Fms, Hh, Gg^Ve, Rrc, Gg^Efm, Gs^Fds, Gs^Fds
Gs^Fds, Gs^Fds, Gll, Rrc, Gs^Fms, Gs^Fms, Hh, Hh, Gll^Feth, Gll^Fp, Gll, Gll^Edb, Qlf, Qlf, Qlf, Gll, Gll^Edb, Gd^Fetd, Gll, Gll^Fp, Gll^Fp, Hh, Gll, Gg, Rrc, Hh, Gs^Fds, Gs^Fds
Gs^Fds, Gll^Es, Qlf, Rrc, Gs^Fms, Gll, Gd^Fetd, Gll^Edb, Gll, Gll^Edb, Hhd, Gll^Feth, Qlf, Md, Md, Md, Qlf, Gll, Gll^Fp, Gll, Gll^Es, Gll^Edb, Gll^Feth, Gs^Fms, Rrc, Hh, Rrc, Gs^Fds
Gs^Fds, Gll, Hhd, Rrc, Rrc, Gll, Gll, Qlf, Qlf, Hhd, Hhd^Vhhr, Hhd, Md, Md, Md, Md, Hhd^Vhhr, Hhd, Gll^Fp, Hhd, Hhd, Gll, Gll^Es, Gll, Rrc, Rrc, Gs^Fds, Rrc
Gs^Fds, Gs^Fds, Hh, Hh, Gg^Ve, Gll^Fp, Gll, Hhd, Md, Md, Md, Md, Md, Mv, Md^Xm, Mv, Md, Md, Md, Md, Qlf, Qlf, Gll^Edb, Rrc, Hh, Hh, Gs^Fds, Gs^Fds
Gs^Fds, Gs^Fds, Hh, Gs^Fds, Rrc, Gll, Qlf, Hhd, Md, Md, Md, Md, Hhd, Md, Mv, Md, Hhd, Md, Md, Md, Qlf, Qlf, Gll, Gg^Ve, Gs^Fms, Hh, Hh, Gs^Fds
Gs^Fds, Gs^Fds, Gs^Fds, Hh, Gg^Ve, Gll^Edb, Gll, Qlf, Qlf, Qlf, Gll, Hhd, Hhd, Md, Md, Md, Hhd, Hhd, Md, Md, Qlf, Qlf, Gll, Rrc, Hh, Hh, Gs^Fds, Gs^Fds
Rrc, Rrc, Rrc, Gs^Fms, Rrc, Gll, Gll^Edb, Gd^Fetd, Gll, Gll, Gll^Feth, Gll^Es, Md, Md, Md, Hhd, Gll^Edb, Hhd, Gll^Fp, Md, Hhd, Gll^Feth, Gll^Fp, Gg^Ve, Gll, Gll, Gll, Gs^Fds
Gs^Fds, Gs^Fds, Hh, Rrc, Rrc, Hh, Gll, Gll, Gll^Fp, Gll^Fp, Hhd, Hhd^Vhhr, Md, Md, Md, Qlf, Hhd^Vhhr, Gll^Fp, Gll^Fp, Qlf, Gll, Gll^Edb, Gs^Fms, Rrc, Gll, Qlf, Gll, Gs^Fds
Gs^Fds, Gs^Fds, Hh, Hh, Rrc, Hh, Gs^Fms, Gll^Fp, Hh, Gll, Gll^Edb, Qlf, Hhd, Md, Md, Qlf, Qlf, Hhd, Gll^Fp, Gll^Fp, Hh, Gs^Fms, Gs^Fms, Rrc, Rrc, Gll^Es, Gs^Fds, Gs^Fds
Gs^Fds, Gs^Fds, Gg^Efm, Gs^Fms, Rrc, Gs^Fms, Gs^Fms, Hh, Hh, Gll^Es, Gll, Qlf, Gll, Hhd, Hhd, Hhd, Qlf, Gll, Gll, Gll^Fp, Hh, Hh, Gs^Fms, Gs^Fms, Rrc, Gs^Fds, Gs^Fds, Gs^Fds
Gg, Gg, Cv, Rrc, Gg^Ve, Gg, Rrc, Gs^Fms, Gs^Fms, Gs^Fms, Gs^Fms, Gll^Edb, Gs^Fms, Gll^Es, Gd^Fetd, Qlf, Qlf, Gd^Fetd, Gll, Hh, Hh, Gs^Fds, Gg, Gg^Efm, Gg^Ve, Gg, Gg, Gs^Fds
Gg, Gg^Ve, Cv, Cv, Rrc, Rrc, Gg, Rrc, Rrc, Rrc, Rrc, Rrc, Gg^Ve, Rrc, Rrc, Gll, Gll^Es, Gll^Edb, Gll^Es, Hh, Gs^Fds, Gg, Gg^Ve, Gg^Efm, Cv, Cv, Gg, Gs^Fds
Gs^Fds, Gg, Gg^Efm, 4 Kv, Cv, Gg^Ve, Gg, Gs^Fds, Gll, Gll, Gll^Es, Gs^Fms, Hh, Gs^Fds, Hh, Gg^Ve, Rrc, Gll, Rrc, Rrc, Rrc, Gg, Cv, Cv, 3 Kv, Cv, Gg^Efm, Gs^Fds
Gs^Fds, Gg, Gg, Cv, Cv, Gg, Gs^Fds, Gs^Fds, Gll^Es, Qlf, Gll, Gs^Fds, Gs^Fds, Hh, Hh, Hh, Gs^Fds, Rrc, Gs^Fds, Gs^Fds, Gs^Fds, Rrc, Gg, Cv, Gg^Ve, Gg, Gg, Gs^Fds
Gs^Fds, Gg, Gg, Gg, Gg, Gg, Gs^Fds, Gs^Fds, Gs^Fds, Gll, Gs^Fds, Gs^Fds, Gs^Fds, Gs^Fds, Gs^Fds, Gs^Fds, Gs^Fds, Gs^Fds, Gs^Fds, Gs^Fds, Gs^Fds, Gs^Fds, Gs^Fds, Gg, Gg, Gg, Gs^Fds, Gs^Fds
