Dd, Dd, Dd, Dd, Dd, Dd, Hhd, Dd, Dd, Dd, Dd, Dd, Rr, Dd, Rr, Dd, Dd, Dd, Dd, Dd, Dd, Dd, Dd, Dd, Dd, Dd, Dd, Dd, Dd, Dd, Dd
Dd, Dd^Es, Hhd, Hhd, Mdd, Hhd, Mdd, Hhd, Dd^Es, Dd, Rr, Rr, Cd, Rr, Cd, Dd, Dd^Eb, Rr, Rr, Dd, Dd^Es, Hhd, Hhd, Hhd, Mdd, Hhd, Hhd, Dd^Es, Mdd, Dd, Dd
Hhd, Hhd, Mdd, Mdd, Hhd, Mdd, Rd, Hhd, Rd, Dd, Rr, Dd^Vda, Dd, Cd, 1 Kd, Dd^Do, Cd, Dd^Vda, Dd^Ftd, Dd, Dd^Es, Hhd, Hhd, Hhd, Mdd, Mdd, Hhd, Hhd, Mdd, Hhd, Dd
Hhd, Hhd, Mdd, Hhd, Hhd, Rd, Dd^Vdr, Rd, Rd, Dd, Dd^Ftd, Rr, Dd, Dd^Do, Cd, Cd, Rr, Dd^Vda, Rr, Dd^Edpp, Rd, Rd, Hhd, Hhd, Hhd, Mdd, Mdd, Mdd, Mdd, Hhd, Dd
Hhd, Hhd, Dd^Es, Hhd, Rd, Rd, Rd, Rd, Dd, Dd, Dd^Edpp, Dd^Ftd, Dd, Dd, Rr, Rr, Dd^Ftd, Rr, Dd^Ftd, Dd^Ftd, Rd, Rd, Rd, Hhd, Hhd, Hhd, Dd^Es, Mdd, Hhd, Hhd, Dd
Dd, Hhd, Dd, Dd^Es, Dd, Rd, Dd, Hd, Hd, Hd, Hd, Dd^Edpp, Dd^Ftd, Dd^Ftd, Dd, Dd^Ftd, Dd^Edpp, Dd^Edpp, Hd, Dd, Rd, Dd^Vdr, Rd, Rd, Dd^Ftd, Dd, Rr, Dd, Dd^Es, Dd, Dd
Dd, Dd^Es, Rr, Rr, Dd^Ftd, Dd^Edpp, Dd^Ftd, Dd, Hd, Hd, Hd, Dd, Dd, Dd, Dd, Dd, Dd, Dd, Hd, Hd, Hd, Rd, Hd, Rd, Dd^Ftd, Rr, Dd^Vda, Rr, Rr, Dd, Dd
Dd, Dd, Dd^Eb, Dd^Vda, Dd^Vda, Rr, Dd^Ftd, Hd, Rd, Hd, Rd, Rd, Dd^Ftd, Rd, Rd, Rd, Rd, Rd, Rd, Hd, Hd, Hd, Dd^Edpp, Dd^Ftd, Dd, Rr, Dd^Eb, Cd, Cd, Rr, Dd
Dd, Dd, Dd^Do, Cd, Rr, Rr, Dd, Rd, Rd, Rd, Rd, Rd, Gs^Ftp, Dd^Ftd, Ds^Ewsh, Rd, Rd, Dd^Ftd, Dd^Ftd, Dd, Rd, Dd, Dd, Dd, Dd^Edpp, Dd^Ftd, Dd, Dd^Do, Cd, Rr, Dd
Dd, Dd, 5 Kd, Cd, Cd, Rr, Dd^Edpp, Dd^Ftd, Rd, Rd, Wwf, Ds^Ewsh, Wwt, Gs^Ftp, Wwf, Dd^Vdt, Rd, Gs^Ftp, Gs^Ftp, Rd, Dd^Vdt, Rd, Rd, Dd, Dd, Dd^Ftd, Cd, 2 Kd, Dd^Do, Dd, Dd
Dd, Rr, Cd, Dd^Do, Cd, Rr, Dd, Dd^Ftd, Rd, Dd^Vdt, Wwrt, Wwrt, Wwrt, Wwt, Wwrt, Wwrt, Wwt, Wwf, Wwf, Wwrt, Ds^Ewsh, Rd, Rd, Dd, Dd^Edpp, Rr, Rr, Cd, Dd, Dd, Dd
Dd, Rr, Cd, Dd, Rr, Rr, Dd^Ftd, Rd, Rd, Rd, Ds^Ewsh, Wwt, Wwt, Ww^Ewf, Wot, Wwrt, Wwt, Ww^Ewf, Wwrt, Wwrt, Gs^Ftp, Rd, Rd, Dd, Dd^Ftd, Dd^Ftd, Rr, Cd, Dd^Vda, Rr, Dd
Dd, Rr, Rr, Dd^Vda, Rr, Dd^Ftd, Dd^Edpp, Dd, Dd, Rd, Gs^Ftp, Wwf, Wwf, Wwt, Wwrt, Wot, Wwt, Wwrt, Wwf, Wwf, Gs^Ftp, Dd^Ftd, Dd, Dd, Hd, Dd^Edpp, Rr, Dd^Vda, Dd^Ftd, Rr, Dd
Dd, Dd^Es, Dd^Ftd, Rr, Dd, Hd, Hd, Hd, Dd, Dd^Ftd, Dd^Ftd, Gs^Ftp, Wwf, Wwt, Wwrt, Ww^Ewf, Wwf, Wwrt, Dd^Vdt, Ds^Ewsh, Rd, Dd^Ftd, Dd, Hd, Hd, Dd^Ftd, Dd^Ftd, Rr, Dd^Es, Dd, Dd
Dd, Hhd, Hhd, Dd^Ftd, Dd^Edpp, Hd, Hd, Hd, Dd, Rd, Rd, Rd, Dd^Vdt, Wwrt, Ds^Ewsh, Wwf, Gs^Ftp, Rd, Rd, Rd, Rd, Rd, Dd, Hd, Hd, Hd, Rd, Dd^Es, Hhd, Hhd, Dd
Rd, Rd, Rd, Rd, Dd, Hd, Dd, Hd, Dd, Dd, Dd^Ftd, Rd, Rd, Rd, Rd, Gs^Ftp, Dd^Ftd, Rd, Rd, Rd, Dd^Ftd, Dd^Edpp, Dd^Edpp, Hd, Dd, Hd, Rd, Rd, Rd, Rd, Rd
Rd, Dd^Vdr, Rd, Rd, Dd, Dd^Edpp, Dd^Ftd, Rr, Rr, Dd^Edpp, Dd^Ftd, Dd, Dd, Rd, Rd, Dd^Ftd, Dd, Rd, Dd^Ftd, Rd, Rr, Dd^Ftd, Rr, Rr, Rr, Dd, Rd, Rd, Rd, Dd^Vdr, Rd
Dd, Rd, Hhd, Rd, Dd^Ftd, Rr, Dd^Vda, Dd^Vda, Rr, Rr, Rr, Dd, Dd^Ftd, Rd, Dd, Hd, Dd, Dd^Ftd, Rr, Rr, Cd, Rr, Cd, Dd^Vda, Rr, Dd, Dd^Es, Hhd, Hhd, Rd, Dd
Dd, Hhd, Mdd, Hhd, Dd^Ftd, Rr, Rr, Cd, Cd, Cd, Rr, Dd, Dd^Ftd, Dd^Edp, Hd, Hd, Hd, Rr, Dd^Vda, Rr, Rr, Cd, Dd^Do, Dd^Eb, Dd^Ftd, Dd, Dd, Hhd, Hhd, Hhd, Dd
Dd, Dd, Mdd, Hhd, Hhd, Dd^Ftd, Dd, Cd, 4 Kd, Rr, Rr, Rr, Rr, Dd^Edpp, Hd, Hd, Dd^Edpp, Rr, Dd^Vda, Cd, Cd, 3 Kd, Cd, Dd, Dd^Ftd, Dd^Ftd, Dd^Es, Hhd, Mdd, Dd, Dd
Dd, Hhd, Hhd, Mdd, Hhd, Dd^Es, Dd, Dd^Do, Dd^Do, Cd, Cd, Dd^Vda, Rr, Hd, Hd, Hd, Dd, Dd^Ftd, Rr, Rr, Dd, Dd^Do, Dd, Rr, Dd^Edpp, Dd^Edpp, Hhd, Hhd, Mdd, Hhd, Dd
Dd, Hhd, Mdd, Mdd, Mdd, Hhd, Hhd, Dd^Es, Dd, Dd^Eb, Rr, Rr, Dd, Dd, Dd, Dd, Rd, Dd, Dd^Edpp, Dd, Dd, Dd^Es, Dd, Dd, Dd^Es, Dd, Hhd, Mdd, Mdd, Hhd, Dd
Dd, Mdd, Mdd, Mdd, Mdd, Hhd, Hhd, Hhd, Dd, Dd^Ftd, Dd^Ftd, Dd, Dd^Es, Rd, Rd, Rd, Rd, Rd, Dd^Ftd, Dd^Ftd, Hhd, Hhd, Hhd, Hhd, Hhd, Hhd, Mdd, Mdd, Mdd, Hhd, Dd
Dd, Hhd, Hhd, Mdd, Mdd, Mdd, Hhd, Hhd, Dd^Es, Dd^Edpp, Hhd, Hhd, Hhd, Rd, Rd, Dd^Vdr, Rd, Hhd, Hhd, Dd^Es, Hhd, Hhd, Hhd, Hhd, Hhd, Mdd, Mdd, Mdd, Hhd, Hhd, Dd
Dd, Hhd, Hhd, Hhd, Hhd, Hhd, Hhd, Dd^Es, Dd, Dd, Dd^Es, Hhd, Dd, Hhd, Dd, Rd, Rd, Hhd, Dd^Es, Dd, Dd^Es, Hhd, Hhd, Hhd, Hhd, Mdd, Hhd, Hhd, Dd, Hhd, Dd
Dd, Dd, Dd, Hhd, Dd, Dd, Dd, Dd, Dd, Dd, Dd, Dd, Dd, Dd, Dd, Dd, Dd, Dd, Dd, Dd, Dd, Dd, Dd, Hhd, Gg, Hhd, Dd, Dd, Dd, Dd, Dd
